Archive member included to satisfy reference by file (symbol)

app/libapp.a(zbook_uart.c.obj)
                              (--whole-archive)
app/libapp.a(lua_zbook.c.obj)
                              (--whole-archive)
app/libapp.a(lua_zbook_uart.c.obj)
                              (--whole-archive)
app/libapp.a(setup.c.obj)     (--whole-archive)
app/libapp.a(uart_sample_lua_thread.c.obj)
                              (--whole-archive)
zephyr/libzephyr.a(validate_libc.c.obj)
                              (--whole-archive)
zephyr/libzephyr.a(heap.c.obj)
                              (--whole-archive)
zephyr/libzephyr.a(heap_stats.c.obj)
                              (--whole-archive)
zephyr/libzephyr.a(heap_array.c.obj)
                              (--whole-archive)
zephyr/libzephyr.a(cbprintf_packaged.c.obj)
                              (--whole-archive)
zephyr/libzephyr.a(clock.c.obj)
                              (--whole-archive)
zephyr/libzephyr.a(printk.c.obj)
                              (--whole-archive)
zephyr/libzephyr.a(sem.c.obj)
                              (--whole-archive)
zephyr/libzephyr.a(thread_entry.c.obj)
                              (--whole-archive)
zephyr/libzephyr.a(cbprintf_complete.c.obj)
                              (--whole-archive)
zephyr/libzephyr.a(assert.c.obj)
                              (--whole-archive)
zephyr/libzephyr.a(mpsc_pbuf.c.obj)
                              (--whole-archive)
zephyr/libzephyr.a(dec.c.obj)
                              (--whole-archive)
zephyr/libzephyr.a(hex.c.obj)
                              (--whole-archive)
zephyr/libzephyr.a(rb.c.obj)  (--whole-archive)
zephyr/libzephyr.a(set.c.obj)
                              (--whole-archive)
zephyr/libzephyr.a(timeutil.c.obj)
                              (--whole-archive)
zephyr/libzephyr.a(bitarray.c.obj)
                              (--whole-archive)
zephyr/libzephyr.a(bitmask.c.obj)
                              (--whole-archive)
zephyr/libzephyr.a(getopt.c.obj)
                              (--whole-archive)
zephyr/libzephyr.a(getopt_common.c.obj)
                              (--whole-archive)
zephyr/libzephyr.a(ring_buffer.c.obj)
                              (--whole-archive)
zephyr/libzephyr.a(last_section_id.c.obj)
                              (--whole-archive)
zephyr/libzephyr.a(configs.c.obj)
                              (--whole-archive)
zephyr/libzephyr.a(soc.c.obj)
                              (--whole-archive)
zephyr/libzephyr.a(log_core.c.obj)
                              (--whole-archive)
zephyr/libzephyr.a(log_mgmt.c.obj)
                              (--whole-archive)
zephyr/libzephyr.a(log_cache.c.obj)
                              (--whole-archive)
zephyr/libzephyr.a(log_msg.c.obj)
                              (--whole-archive)
zephyr/libzephyr.a(log_output.c.obj)
                              (--whole-archive)
zephyr/libzephyr.a(log_backend_uart.c.obj)
                              (--whole-archive)
zephyr/libzephyr.a(log_backend_semihost.c.obj)
                              (--whole-archive)
zephyr/libzephyr.a(tracing_none.c.obj)
                              (--whole-archive)
zephyr/libzephyr.a(disk_access.c.obj)
                              (--whole-archive)
zephyr/arch/common/libarch__common.a(sw_isr_common.c.obj)
                              (--whole-archive)
zephyr/arch/common/libarch__common.a(init.c.obj)
                              (--whole-archive)
zephyr/arch/common/libarch__common.a(xip.c.obj)
                              (--whole-archive)
zephyr/arch/common/libarch__common.a(semihost.c.obj)
                              (--whole-archive)
zephyr/arch/arch/arm/core/libarch__arm__core.a(fatal.c.obj)
                              (--whole-archive)
zephyr/arch/arch/arm/core/libarch__arm__core.a(nmi.c.obj)
                              (--whole-archive)
zephyr/arch/arch/arm/core/libarch__arm__core.a(nmi_on_reset.S.obj)
                              (--whole-archive)
zephyr/arch/arch/arm/core/libarch__arm__core.a(tls.c.obj)
                              (--whole-archive)
zephyr/arch/arch/arm/core/cortex_m/libarch__arm__core__cortex_m.a(fault.c.obj)
                              (--whole-archive)
zephyr/arch/arch/arm/core/cortex_m/libarch__arm__core__cortex_m.a(fault_s.S.obj)
                              (--whole-archive)
zephyr/arch/arch/arm/core/cortex_m/libarch__arm__core__cortex_m.a(fpu.c.obj)
                              (--whole-archive)
zephyr/arch/arch/arm/core/cortex_m/libarch__arm__core__cortex_m.a(reset.S.obj)
                              (--whole-archive)
zephyr/arch/arch/arm/core/cortex_m/libarch__arm__core__cortex_m.a(scb.c.obj)
                              (--whole-archive)
zephyr/arch/arch/arm/core/cortex_m/libarch__arm__core__cortex_m.a(vector_table.S.obj)
                              (--whole-archive)
zephyr/arch/arch/arm/core/cortex_m/libarch__arm__core__cortex_m.a(svc.S.obj)
                              (--whole-archive)
[...]
Memory Configuration

Name             Origin             Length             Attributes
FLASH            0x10000100         0x001bff00         xr
RAM              0x20000000         0x00082000         xw
IDT_LIST         0xffff7fff         0x00008000         xw
*default*        0x00000000         0xffffffff

Linker script and memory map

                0x10013f70                        vfprintf = __d_vfprintf
                0x00000000                        vfscanf = __d_vfscanf
LOAD zephyr/CMakeFiles/zephyr_pre0.dir/misc/empty_file.c.obj
LOAD zephyr/CMakeFiles/offsets.dir/./arch/arm/core/offsets/offsets.c.obj
LOAD app/libapp.a
LOAD zephyr/libzephyr.a
LOAD zephyr/arch/common/libarch__common.a
LOAD zephyr/arch/arch/arm/core/libarch__arm__core.a
LOAD zephyr/arch/arch/arm/core/cortex_m/libarch__arm__core__cortex_m.a
LOAD zephyr/arch/arch/arm/core/cortex_m/cmse/libarch__arm__core__cortex_m__cmse.a
LOAD zephyr/lib/libc/picolibc/liblib__libc__picolibc.a
LOAD zephyr/lib/libc/common/liblib__libc__common.a
LOAD zephyr/lib/posix/c_lib_ext/liblib__posix__c_lib_ext.a
LOAD zephyr/lib/net_buf/liblib__net_buf.a
LOAD zephyr/soc/soc/rp2350b/rp2350/libsoc__raspberrypi__rpi_pico__rp2350.a
LOAD zephyr/subsys/fs/libsubsys__fs.a
LOAD zephyr/subsys/sd/libsubsys__sd.a
LOAD zephyr/subsys/crc/libsubsys__crc.a
LOAD zephyr/subsys/zbus/libsubsys__zbus.a
LOAD zephyr/drivers/disk/libdrivers__disk.a
LOAD zephyr/drivers/misc/pio_rpi_pico/libdrivers__misc__pio_rpi_pico.a
LOAD zephyr/drivers/adc/libdrivers__adc.a
LOAD zephyr/drivers/clock_control/libdrivers__clock_control.a
LOAD zephyr/drivers/console/libdrivers__console.a
LOAD zephyr/drivers/gpio/libdrivers__gpio.a
LOAD zephyr/drivers/led_strip/libdrivers__led_strip.a
LOAD zephyr/drivers/pinctrl/libdrivers__pinctrl.a
LOAD zephyr/drivers/reset/libdrivers__reset.a
LOAD zephyr/drivers/sdhc/libdrivers__sdhc.a
LOAD zephyr/drivers/serial/libdrivers__serial.a
LOAD zephyr/drivers/spi/libdrivers__spi.a
LOAD zephyr/drivers/timer/libdrivers__timer.a
LOAD modules/lua/libmodules__lua_zephyr.a
LOAD modules/hal_rpi_pico/libmodules__hal_rpi_pico.a
LOAD zephyr/kernel/libkernel.a
LOAD zephyr/arch/common/libisr_tables.a
LOAD /home/joaomatheusnd/zephyr-sdk-1.0.1/gnu/arm-zephyr-eabi/bin/../lib/gcc/arm-zephyr-eabi/14.3.0/../../../../arm-zephyr-eabi/lib/thumb/v8-m.main+fp/hard/space/libc.a
LOAD /home/joaomatheusnd/zephyr-sdk-1.0.1/gnu/arm-zephyr-eabi/bin/../lib/gcc/arm-zephyr-eabi/14.3.0/thumb/v8-m.main+fp/hard/space/libgcc.a
                0x00000004                        _region_min_align = 0x4

.rel.plt        0x10000100        0x0
 *(SORT_BY_ALIGNMENT(.rel.plt))
                [!provide]                        PROVIDE (__rel_iplt_start = .)
 *(SORT_BY_ALIGNMENT(.rel.iplt))
 .rel.iplt      0x10000100        0x0 app/libapp.a(zbook_uart.c.obj)
                [!provide]                        PROVIDE (__rel_iplt_end = .)

.rela.plt       0x00000000        0x0
 *(SORT_BY_ALIGNMENT(.rela.plt))
                [!provide]                        PROVIDE (__rela_iplt_start = .)
 *(SORT_BY_ALIGNMENT(.rela.iplt))
                [!provide]                        PROVIDE (__rela_iplt_end = .)

.rel.dyn
 *(SORT_BY_ALIGNMENT(.rel.*))

.rela.dyn
 *(SORT_BY_ALIGNMENT(.rela.*))

/DISCARD/
 *(SORT_BY_ALIGNMENT(.plt))

/DISCARD/
 *(SORT_BY_ALIGNMENT(.iplt))
                0x10000100                        __rom_region_start = 0x10000100

rom_start       0x10000100      0x22c
                0x10000100                        __rom_start_address = .
 FILL mask 0x00
                0x10000100                        . = (. + (0x0 - (. - __rom_start_address)))
                0x10000100                        . = ALIGN (0x4)
                0x10000100                        . = ALIGN (0x80)
                0x10000200                        . = ALIGN (0x200)
 *fill*         0x10000100      0x100 00
                0x10000200                        _vector_start = .
 *(SORT_BY_ALIGNMENT(.exc_vector_table))
 *(SORT_BY_ALIGNMENT(.exc_vector_table.*))
 .exc_vector_table._vector_table_section
                0x10000200       0x40 zephyr/arch/arch/arm/core/cortex_m/libarch__arm__core__cortex_m.a(vector_table.S.obj)
                0x10000200                _vector_table
 *(SORT_BY_ALIGNMENT(.vectors))
                0x10000310                        _vector_end = .
                0x10000240                        . = ALIGN (0x4)
 *(SORT_BY_ALIGNMENT(.gnu.linkonce.irq_vector_table*))
 .gnu.linkonce.irq_vector_table
                0x10000240       0xd0 zephyr/arch/common/libisr_tables.a(isr_tables.c.obj)
                0x10000240                _irq_vector_table
                0x10000310                        _vector_end = .
                0x10000310        0x4 LONG 0xffffded3
                0x10000314        0x2 SHORT 0x142
                0x10000316        0x2 SHORT 0x1021
                0x10000318        0x4 LONG 0x203
                0x1000031c        0x4 LONG 0x10000200 ABSOLUTE (_vector_start)
                0x10000320        0x2 SHORT 0x3ff
                0x10000322        0x2 SHORT 0x0
                0x10000324        0x4 LONG 0x0
                0x10000328        0x4 LONG 0xab123579

text            0x10000330    0x1cd3c
                0x10000330                        __text_region_start = .
 *(SORT_BY_ALIGNMENT(.text))
 .text          0x10000330       0x24 /home/joaomatheusnd/zephyr-sdk-1.0.1/gnu/arm-zephyr-eabi/bin/../lib/gcc/arm-zephyr-eabi/14.3.0/../../../../arm-zephyr-eabi/lib/thumb/v8-m.main+fp/hard/space/libc.a(setjmp.S.o)
                0x10000330                setjmp
                0x10000340                longjmp
 .text          0x10000354      0x378 /home/joaomatheusnd/zephyr-sdk-1.0.1/gnu/arm-zephyr-eabi/bin/../lib/gcc/arm-zephyr-eabi/14.3.0/thumb/v8-m.main+fp/hard/space/libgcc.a(_arm_addsubdf3.o)
                0x10000354                __aeabi_drsub
                0x1000035c                __aeabi_dsub
                0x1000035c                __subdf3
                0x10000360                __adddf3
                0x10000360                __aeabi_dadd
                0x100005d8                __aeabi_ui2d
                0x100005d8                __floatunsidf
                0x100005f8                __floatsidf
                0x100005f8                __aeabi_i2d
                0x1000061c                __extendsfdf2
                0x1000061c                __aeabi_f2d
                0x10000660                __aeabi_ul2d
                0x10000660                __floatundidf
                0x10000670                __floatdidf
                0x10000670                __aeabi_l2d
 .text          0x100006cc       0xa0 /home/joaomatheusnd/zephyr-sdk-1.0.1/gnu/arm-zephyr-eabi/bin/../lib/gcc/arm-zephyr-eabi/14.3.0/thumb/v8-m.main+fp/hard/space/libgcc.a(_arm_truncdfsf2.o)
                0x100006cc                __aeabi_d2f
                0x100006cc                __truncdfsf2
 .text          0x1000076c       0x30 /home/joaomatheusnd/zephyr-sdk-1.0.1/gnu/arm-zephyr-eabi/bin/../lib/gcc/arm-zephyr-eabi/14.3.0/thumb/v8-m.main+fp/hard/space/libgcc.a(_aeabi_uldivmod.o)
                0x1000076c                __aeabi_uldivmod
 .text          0x1000079c        0x4 /home/joaomatheusnd/zephyr-sdk-1.0.1/gnu/arm-zephyr-eabi/bin/../lib/gcc/arm-zephyr-eabi/14.3.0/thumb/v8-m.main+fp/hard/space/libgcc.a(_dvmd_tls.o)
                0x1000079c                __aeabi_ldiv0
                0x1000079c                __aeabi_idiv0
 .text          0x100007a0       0x14 /home/joaomatheusnd/zephyr-sdk-1.0.1/gnu/arm-zephyr-eabi/bin/../lib/gcc/arm-zephyr-eabi/14.3.0/../../../../arm-zephyr-eabi/lib/thumb/v8-m.main+fp/hard/space/libc.a(strcmp.S.o)
                0x100007a0                strcmp
 .text          0x100007b4       0x10 /home/joaomatheusnd/zephyr-sdk-1.0.1/gnu/arm-zephyr-eabi/bin/../lib/gcc/arm-zephyr-eabi/14.3.0/../../../../arm-zephyr-eabi/lib/thumb/v8-m.main+fp/hard/space/libc.a(strcpy.S.o)
                0x100007b4                strcpy
 .text          0x100007c4       0x10 /home/joaomatheusnd/zephyr-sdk-1.0.1/gnu/arm-zephyr-eabi/bin/../lib/gcc/arm-zephyr-eabi/14.3.0/../../../../arm-zephyr-eabi/lib/thumb/v8-m.main+fp/hard/space/libc.a(strlen.S.o)
                0x100007c4                strlen
 .text          0x100007d4      0x2ba /home/joaomatheusnd/zephyr-sdk-1.0.1/gnu/arm-zephyr-eabi/bin/../lib/gcc/arm-zephyr-eabi/14.3.0/thumb/v8-m.main+fp/hard/space/libgcc.a(_udivmoddi4.o)
                0x100007d4                __udivmoddi4
 *(SORT_BY_ALIGNMENT(.text.*))
 *fill*         0x10000a8e        0x2 
 .text.powf     0x10000a90      0x5d8 /home/joaomatheusnd/zephyr-sdk-1.0.1/gnu/arm-zephyr-eabi/bin/../lib/gcc/arm-zephyr-eabi/14.3.0/../../../../arm-zephyr-eabi/lib/thumb/v8-m.main+fp/hard/space/libc.a(libm_math_sf_pow.c.o)
                0x10000a90                _powf
                0x10000a90                powf
 .text.zbook_uart_isr
                0x10001068       0x48 app/libapp.a(zbook_uart.c.obj)
 .text.zbook_uart_init
                0x100010b0       0x18 app/libapp.a(zbook_uart.c.obj)
                0x100010b0                zbook_uart_init
 .text.zbook_uart_write
                0x100010c8       0x34 app/libapp.a(zbook_uart.c.obj)
                0x100010c8                zbook_uart_write
 .text.zbook_uart_read
                0x100010fc       0x40 app/libapp.a(zbook_uart.c.obj)
                0x100010fc                zbook_uart_read
 .text.zbook_uart_cfg
                0x1000113c       0x44 app/libapp.a(zbook_uart.c.obj)
                0x1000113c                zbook_uart_cfg
 .text.zbook_uart_set_callback
                0x10001180       0x48 app/libapp.a(zbook_uart.c.obj)
                0x10001180                zbook_uart_set_callback
 .text.luaopen_zbook
                0x100011c8       0x40 app/libapp.a(lua_zbook.c.obj)
                0x100011c8                luaopen_zbook
 .text.l_uart_on_rx
                0x10001208       0x50 app/libapp.a(lua_zbook_uart.c.obj)
 .text.uart_rx_isr
                0x10001258        0xc app/libapp.a(lua_zbook_uart.c.obj)
 .text.l_uart_read
                0x10001264       0x54 app/libapp.a(lua_zbook_uart.c.obj)
 .text.rx_work_handler
                0x100012b8       0x48 app/libapp.a(lua_zbook_uart.c.obj)
 .text.l_uart_cfg
                0x10001300      0x140 app/libapp.a(lua_zbook_uart.c.obj)
 .text.luaopen_zbook_uart
                0x10001440       0x30 app/libapp.a(lua_zbook_uart.c.obj)
                0x10001440                luaopen_zbook_uart
 .text.uart_sample_lua_setup
                0x10001470       0x40 app/libapp.a(setup.c.obj)
                0x10001470                uart_sample_lua_setup
 .text.uart_sample_lua_thread
                0x100014b0       0xc0 app/libapp.a(uart_sample_lua_thread.c.obj)
 .text.free_list_add
                0x10001570       0xc0 zephyr/libzephyr.a(heap.c.obj)
 .text.free_list_remove_bidx
                0x10001630       0xac zephyr/libzephyr.a(heap.c.obj)
 .text.free_chunk_check.isra.0
                0x100016dc       0x5c zephyr/libzephyr.a(heap.c.obj)
 .text.inplace_realloc.isra.0
                0x10001738      0x21c zephyr/libzephyr.a(heap.c.obj)
 .text.sys_heap_free
                0x10001954      0x178 zephyr/libzephyr.a(heap.c.obj)
                0x10001954                sys_heap_free
 .text.sys_heap_init
                0x10001acc      0x134 zephyr/libzephyr.a(heap.c.obj)
                0x10001acc                sys_heap_init
 .text.sys_heap_array_save
                0x10001c00       0x28 zephyr/libzephyr.a(heap_array.c.obj)
                0x10001c00                sys_heap_array_save
 .text.cbvprintf_package
                0x10001c28      0x3bc zephyr/libzephyr.a(cbprintf_packaged.c.obj)
                0x10001c28                cbvprintf_package
 .text.cbprintf_package_convert
                0x10001fe4      0x448 zephyr/libzephyr.a(cbprintf_packaged.c.obj)
                0x10001fe4                cbprintf_package_convert
 .text.__printk_hook_install
                0x1000242c        0xc zephyr/libzephyr.a(printk.c.obj)
                0x1000242c                __printk_hook_install
 .text.z_thread_entry
                0x10002438       0x6c zephyr/libzephyr.a(thread_entry.c.obj)
                0x10002438                z_thread_entry
 .text.mpsc_pbuf_init
                0x100024a4       0x64 zephyr/libzephyr.a(mpsc_pbuf.c.obj)
                0x100024a4                mpsc_pbuf_init
 .text.mpsc_pbuf_alloc
                0x10002508      0x188 zephyr/libzephyr.a(mpsc_pbuf.c.obj)
                0x10002508                mpsc_pbuf_alloc
 .text.mpsc_pbuf_commit
                0x10002690       0xb0 zephyr/libzephyr.a(mpsc_pbuf.c.obj)
                0x10002690                mpsc_pbuf_commit
 .text.mpsc_pbuf_claim
                0x10002740      0x124 zephyr/libzephyr.a(mpsc_pbuf.c.obj)
                0x10002740                mpsc_pbuf_claim
 .text.mpsc_pbuf_free
                0x10002864       0xe4 zephyr/libzephyr.a(mpsc_pbuf.c.obj)
                0x10002864                mpsc_pbuf_free
 .text.mpsc_pbuf_is_pending
                0x10002948       0xa4 zephyr/libzephyr.a(mpsc_pbuf.c.obj)
                0x10002948                mpsc_pbuf_is_pending
 .text.log_backend_is_active
                0x100029ec       0x30 zephyr/libzephyr.a(log_core.c.obj)
 .text.log_backend_is_ready
                0x10002a1c       0x34 zephyr/libzephyr.a(log_core.c.obj)
 .text.activate_foreach_backend
                0x10002a50       0x50 zephyr/libzephyr.a(log_core.c.obj)
 .text.enable_logger
                0x10002aa0       0x58 zephyr/libzephyr.a(log_core.c.obj)
 .text.z_log_init
                0x10002af8       0xdc zephyr/libzephyr.a(log_core.c.obj)
 .text.log_process_thread_timer_expiry_fn
                0x10002bd4        0xc zephyr/libzephyr.a(log_core.c.obj)
 .text.log_format_func_t_get
                0x10002be0        0xc zephyr/libzephyr.a(log_core.c.obj)
                0x10002be0                log_format_func_t_get
 .text.log_set_timestamp_func
                0x10002bec       0x20 zephyr/libzephyr.a(log_core.c.obj)
                0x10002bec                log_set_timestamp_func
 .text.z_log_notify_backend_enabled
                0x10002c0c       0x1c zephyr/libzephyr.a(log_core.c.obj)
                0x10002c0c                z_log_notify_backend_enabled
 .text.z_log_dropped
                0x10002c28       0x3c zephyr/libzephyr.a(log_core.c.obj)
                0x10002c28                z_log_dropped
 .text.z_log_dropped_read_and_clear
                0x10002c64       0x18 zephyr/libzephyr.a(log_core.c.obj)
                0x10002c64                z_log_dropped_read_and_clear
 .text.dropped_notify
                0x10002c7c       0x64 zephyr/libzephyr.a(log_core.c.obj)
                0x10002c7c                dropped_notify
 .text.z_log_msg_init
                0x10002ce0       0x20 zephyr/libzephyr.a(log_core.c.obj)
                0x10002ce0                z_log_msg_init
 .text.log_core_init
                0x10002d00       0x80 zephyr/libzephyr.a(log_core.c.obj)
                0x10002d00                log_core_init
 .text.z_log_msg_alloc
                0x10002d80       0x10 zephyr/libzephyr.a(log_core.c.obj)
                0x10002d80                z_log_msg_alloc
 .text.z_log_msg_local_claim
                0x10002d90        0xc zephyr/libzephyr.a(log_core.c.obj)
                0x10002d90                z_log_msg_local_claim
 .text.z_log_msg_free
                0x10002d9c       0x10 zephyr/libzephyr.a(log_core.c.obj)
                0x10002d9c                z_log_msg_free
 .text.z_log_msg_pending
                0x10002dac        0xc zephyr/libzephyr.a(log_core.c.obj)
                0x10002dac                z_log_msg_pending
 .text.z_impl_log_process
                0x10002db8       0xe0 zephyr/libzephyr.a(log_core.c.obj)
                0x10002db8                z_impl_log_process
 .text.z_impl_log_panic
                0x10002e98       0x74 zephyr/libzephyr.a(log_core.c.obj)
                0x10002e98                z_impl_log_panic
 .text.log_process_thread_func
                0x10002f0c      0x120 zephyr/libzephyr.a(log_core.c.obj)
 .text.z_log_msg_post_finalize
                0x1000302c       0xe4 zephyr/libzephyr.a(log_core.c.obj)
 .text.z_log_msg_commit
                0x10003110       0x24 zephyr/libzephyr.a(log_core.c.obj)
                0x10003110                z_log_msg_commit
 .text.log_source_name_get
                0x10003134       0x1c zephyr/libzephyr.a(log_mgmt.c.obj)
                0x10003134                log_source_name_get
 .text.z_impl_z_log_msg_static_create
                0x10003150      0x128 zephyr/libzephyr.a(log_msg.c.obj)
                0x10003150                z_impl_z_log_msg_static_create
 .text.z_log_msg_runtime_vcreate
                0x10003278       0xe4 zephyr/libzephyr.a(log_msg.c.obj)
                0x10003278                z_log_msg_runtime_vcreate
 .text.log_msg_get_source_id
                0x1000335c       0x18 zephyr/libzephyr.a(log_msg.c.obj)
                0x1000335c                log_msg_get_source_id
 .text.print_formatted
                0x10003374       0x24 zephyr/libzephyr.a(log_output.c.obj)
 .text.newline_print
                0x10003398       0x1c zephyr/libzephyr.a(log_output.c.obj)
 .text.out_func
                0x100033b4       0x58 zephyr/libzephyr.a(log_output.c.obj)
 .text.log_output_process
                0x1000340c      0x2ac zephyr/libzephyr.a(log_output.c.obj)
                0x1000340c                log_output_process
 .text.log_output_dropped_process
                0x100036b8       0x58 zephyr/libzephyr.a(log_output.c.obj)
                0x100036b8                log_output_dropped_process
 .text.log_output_timestamp_freq_set
                0x10003710       0x2c zephyr/libzephyr.a(log_output.c.obj)
                0x10003710                log_output_timestamp_freq_set
 .text.char_out
                0x1000373c       0x24 zephyr/libzephyr.a(log_backend_uart.c.obj)
 .text.log_backend_uart_init
                0x10003760       0x3c zephyr/libzephyr.a(log_backend_uart.c.obj)
 .text.format_set
                0x1000379c        0xc zephyr/libzephyr.a(log_backend_semihost.c.obj)
 .text.dropped  0x100037a8        0xc zephyr/libzephyr.a(log_backend_semihost.c.obj)
 .text.process  0x100037b4       0x24 zephyr/libzephyr.a(log_backend_semihost.c.obj)
 .text.panic    0x100037d8       0x28 zephyr/libzephyr.a(log_backend_semihost.c.obj)
 .text.disk_access_get_di
                0x10003800       0xcc zephyr/libzephyr.a(disk_access.c.obj)
                0x10003800                disk_access_get_di
 .text.disk_access_register
                0x100038cc       0xc8 zephyr/libzephyr.a(disk_access.c.obj)
                0x100038cc                disk_access_register
 .text.arch_bss_zero
                0x10003994       0x18 zephyr/arch/common/libarch__common.a(init.c.obj)
                0x10003994                arch_bss_zero
 .text.arch_data_copy
                0x100039ac       0x38 zephyr/arch/common/libarch__common.a(xip.c.obj)
                0x100039ac                arch_data_copy
 .text.z_arm_fatal_error
                0x100039e4      0x120 zephyr/arch/arch/arm/core/libarch__arm__core.a(fatal.c.obj)
                0x100039e4                z_arm_fatal_error
 .text.z_SysNmiOnReset
                0x10003b04        0x8 zephyr/arch/arch/arm/core/libarch__arm__core.a(nmi_on_reset.S.obj)
                0x10003b04                z_SysNmiOnReset
 .text.arch_tls_stack_setup
                0x10003b0c       0x40 zephyr/arch/arch/arm/core/libarch__arm__core.a(tls.c.obj)
                0x10003b0c                arch_tls_stack_setup
 .text.usage_fault.isra.0
                0x10003b4c       0xbc zephyr/arch/arch/arm/core/cortex_m/libarch__arm__core__cortex_m.a(fault.c.obj)
 .text.mem_manage_fault.isra.0
                0x10003c08      0x108 zephyr/arch/arch/arm/core/cortex_m/libarch__arm__core__cortex_m.a(fault.c.obj)
 .text.bus_fault.isra.0
                0x10003d10       0xd0 zephyr/arch/arch/arm/core/cortex_m/libarch__arm__core__cortex_m.a(fault.c.obj)
 .text.z_arm_fault
                0x10003de0      0x234 zephyr/arch/arch/arm/core/cortex_m/libarch__arm__core__cortex_m.a(fault.c.obj)
                0x10003de0                z_arm_fault
 .text.z_arm_fault_init
                0x10004014       0x18 zephyr/arch/arch/arm/core/cortex_m/libarch__arm__core__cortex_m.a(fault.c.obj)
                0x10004014                z_arm_fault_init
 .text.__fault  0x1000402c       0x14 zephyr/arch/arch/arm/core/cortex_m/libarch__arm__core__cortex_m.a(fault_s.S.obj)
                0x1000402c                z_arm_bus_fault
                0x1000402c                z_arm_usage_fault
                0x1000402c                z_arm_mpu_fault
                0x1000402c                z_arm_exc_spurious
                0x1000402c                z_arm_debug_monitor
                0x1000402c                z_arm_hard_fault
 .text._reset_section
                0x10004040       0x48 zephyr/arch/arch/arm/core/cortex_m/libarch__arm__core__cortex_m.a(reset.S.obj)
                0x10004040                z_arm_reset
                0x10004040                __start
 .text.z_arm_svc
                0x10004088       0x24 zephyr/arch/arch/arm/core/cortex_m/libarch__arm__core__cortex_m.a(svc.S.obj)
                0x10004088                z_arm_svc
 .text.arm_irq_enable
                0x100040ac       0x1c zephyr/arch/arch/arm/core/cortex_m/libarch__arm__core__cortex_m.a(irq_manage.c.obj)
                0x100040ac                arm_irq_enable
 .text.arm_irq_priority_set
                0x100040c8       0x64 zephyr/arch/arch/arm/core/cortex_m/libarch__arm__core__cortex_m.a(irq_manage.c.obj)
                0x100040c8                arm_irq_priority_set
 .text.relocate_vector_table
                0x1000412c       0x1c zephyr/arch/arch/arm/core/cortex_m/libarch__arm__core__cortex_m.a(prep_c.c.obj)
                0x1000412c                relocate_vector_table
 .text.z_prep_c
                0x10004148       0x4c zephyr/arch/arch/arm/core/cortex_m/libarch__arm__core__cortex_m.a(prep_c.c.obj)
                0x10004148                z_prep_c
 .text.arch_new_thread
                0x10004194       0x40 zephyr/arch/arch/arm/core/cortex_m/libarch__arm__core__cortex_m.a(thread.c.obj)
                0x10004194                arch_new_thread
 .text.arch_float_disable
                0x100041d4       0x48 zephyr/arch/arch/arm/core/cortex_m/libarch__arm__core__cortex_m.a(thread.c.obj)
                0x100041d4                arch_float_disable
 .text.arch_switch_to_main_thread
                0x1000421c       0x54 zephyr/arch/arch/arm/core/cortex_m/libarch__arm__core__cortex_m.a(thread.c.obj)
                0x1000421c                arch_switch_to_main_thread
 .text.z_arm_cpu_idle_init
                0x10004270        0xc zephyr/arch/arch/arm/core/cortex_m/libarch__arm__core__cortex_m.a(cpu_idle.c.obj)
                0x10004270                z_arm_cpu_idle_init
 .text._HandlerModeExit
                0x1000427c       0x20 zephyr/arch/arch/arm/core/cortex_m/libarch__arm__core__cortex_m.a(exc_exit.c.obj)
                0x1000427c                z_arm_exc_exit
                0x1000427c                z_arm_int_exit
 .text.z_impl_k_thread_abort
                0x1000429c       0x2c zephyr/arch/arch/arm/core/cortex_m/libarch__arm__core__cortex_m.a(thread_abort.c.obj)
                0x1000429c                z_impl_k_thread_abort
 .text.z_arm_pendsv
                0x100042c8       0x94 zephyr/arch/arch/arm/core/cortex_m/libarch__arm__core__cortex_m.a(swap_helper.S.obj)
                0x100042c8                z_arm_pendsv
 .text.z_arm_interrupt_init
                0x1000435c       0x18 zephyr/arch/arch/arm/core/cortex_m/libarch__arm__core__cortex_m.a(irq_init.c.obj)
                0x1000435c                z_arm_interrupt_init
 .text._isr_wrapper
                0x10004374       0x24 zephyr/arch/arch/arm/core/cortex_m/libarch__arm__core__cortex_m.a(isr_wrapper.c.obj)
                0x10004374                _isr_wrapper
 .text.__aeabi_read_tp
                0x10004398        0xc zephyr/arch/arch/arm/core/cortex_m/libarch__arm__core__cortex_m.a(__aeabi_read_tp.S.obj)
                0x10004398                __aeabi_read_tp
 .text.__assert_no_args
                0x100043a4       0x24 zephyr/lib/libc/picolibc/liblib__libc__picolibc.a(assert.c.obj)
                0x100043a4                __assert_no_args
 .text.cbvprintf
                0x100043c8       0x38 zephyr/lib/libc/picolibc/liblib__libc__picolibc.a(cbprintf.c.obj)
                0x100043c8                cbvprintf
 .text.z_impl_zephyr_fputc
                0x10004400       0x10 zephyr/lib/libc/picolibc/liblib__libc__picolibc.a(stdio.c.obj)
                0x10004400                z_impl_zephyr_fputc
 .text.__stdout_hook_install
                0x10004410       0x18 zephyr/lib/libc/picolibc/liblib__libc__picolibc.a(stdio.c.obj)
                0x10004410                __stdout_hook_install
 .text.abort    0x10004428       0x1c zephyr/lib/libc/common/liblib__libc__common.a(abort.c.obj)
                0x10004428                abort
 .text.malloc_prepare
                0x10004444       0x24 zephyr/lib/libc/common/liblib__libc__common.a(malloc.c.obj)
 .text.generic_data_ref
                0x10004468       0x28 zephyr/lib/net_buf/liblib__net_buf.a(buf.c.obj)
 .text.heap_data_unref
                0x10004490       0x30 zephyr/lib/net_buf/liblib__net_buf.a(buf.c.obj)
 .text.heap_data_alloc
                0x100044c0       0x38 zephyr/lib/net_buf/liblib__net_buf.a(buf.c.obj)
 .text.sd_init_io
                0x100044f8       0xe4 zephyr/subsys/sd/libsubsys__sd.a(sd.c.obj)
 .text.sd_command_init
                0x100045dc       0xa4 zephyr/subsys/sd/libsubsys__sd.a(sd.c.obj)
 .text.sd_init  0x10004680       0xd4 zephyr/subsys/sd/libsubsys__sd.a(sd.c.obj)
                0x10004680                sd_init
 .text.sdmmc_wait_ready
                0x10004754       0x44 zephyr/subsys/sd/libsubsys__sd.a(sd_ops.c.obj)
                0x10004754                sdmmc_wait_ready
 .text.card_app_command
                0x10004798       0x6c zephyr/subsys/sd/libsubsys__sd.a(sd_ops.c.obj)
                0x10004798                card_app_command
 .text.card_read_blocks
                0x10004804      0x100 zephyr/subsys/sd/libsubsys__sd.a(sd_ops.c.obj)
                0x10004804                card_read_blocks
 .text.card_write_blocks
                0x10004904      0x178 zephyr/subsys/sd/libsubsys__sd.a(sd_ops.c.obj)
                0x10004904                card_write_blocks
 .text.card_erase_blocks
                0x10004a7c      0x120 zephyr/subsys/sd/libsubsys__sd.a(sd_ops.c.obj)
                0x10004a7c                card_erase_blocks
 .text.card_ioctl
                0x10004b9c       0xa0 zephyr/subsys/sd/libsubsys__sd.a(sd_ops.c.obj)
                0x10004b9c                card_ioctl
 .text.sdmmc_card_init
                0x10004c3c      0x408 zephyr/subsys/sd/libsubsys__sd.a(sdmmc.c.obj)
                0x10004c3c                sdmmc_card_init
 .text._zbus_init
                0x10005044       0x74 zephyr/subsys/zbus/libsubsys__zbus.a(zbus.c.obj)
                0x10005044                _zbus_init
 .text.zbus_iterate_over_channels
                0x100050b8       0x50 zephyr/subsys/zbus/libsubsys__zbus.a(zbus_iterable_sections.c.obj)
                0x100050b8                zbus_iterate_over_channels
 .text.disk_sdmmc_init
                0x10005108       0x24 zephyr/drivers/disk/libdrivers__disk.a(sdmmc_subsys.c.obj)
 .text.adc_rpi_init
                0x1000512c       0x9c zephyr/drivers/adc/libdrivers__adc.a(adc_rpi_pico.c.obj)
 .text.adc_context_start_sampling
                0x100051c8       0x58 zephyr/drivers/adc/libdrivers__adc.a(adc_rpi_pico.c.obj)
 .text.adc_rpi_channel_setup
                0x10005220       0x64 zephyr/drivers/adc/libdrivers__adc.a(adc_rpi_pico.c.obj)
 .text.adc_rpi_read
                0x10005284      0x11c zephyr/drivers/adc/libdrivers__adc.a(adc_rpi_pico.c.obj)
 .text.adc_rpi_isr
                0x100053a0       0xe4 zephyr/drivers/adc/libdrivers__adc.a(adc_rpi_pico.c.obj)
 .text.rpi_pico_get_clock_src.isra.0
                0x10005484       0x9c zephyr/drivers/clock_control/libdrivers__clock_control.a(clock_control_rpi_pico.c.obj)
 .text.rpi_pico_calc_clock_freq
                0x10005520      0x108 zephyr/drivers/clock_control/libdrivers__clock_control.a(clock_control_rpi_pico.c.obj)
 .text.rpi_pico_rosc_write.isra.0
                0x10005628       0x28 zephyr/drivers/clock_control/libdrivers__clock_control.a(clock_control_rpi_pico.c.obj)
 .text.clock_control_rpi_pico_init
                0x10005650      0x1d8 zephyr/drivers/clock_control/libdrivers__clock_control.a(clock_control_rpi_pico.c.obj)
 .text.uart_console_init
                0x10005828       0x28 zephyr/drivers/console/libdrivers__console.a(uart_console.c.obj)
 .text.console_out
                0x10005850       0x28 zephyr/drivers/console/libdrivers__console.a(uart_console.c.obj)
 .text.gpio_rpi_get_pending_int
                0x10005878       0x30 zephyr/drivers/gpio/libdrivers__gpio.a(gpio_rpi_pico.c.obj)
 .text.gpio_rpi_manage_callback
                0x100058a8       0xa4 zephyr/drivers/gpio/libdrivers__gpio.a(gpio_rpi_pico.c.obj)
 .text.gpio_rpi_configure
                0x1000594c       0xd8 zephyr/drivers/gpio/libdrivers__gpio.a(gpio_rpi_pico.c.obj)
 .text.gpio_fire_callbacks.isra.0
                0x10005a24       0x58 zephyr/drivers/gpio/libdrivers__gpio.a(gpio_rpi_pico.c.obj)
 .text.gpio_rpi_isr
                0x10005a7c       0x88 zephyr/drivers/gpio/libdrivers__gpio.a(gpio_rpi_pico.c.obj)
 .text.ws2812_rpi_pico_pio_init.part.0.isra.0
                0x10005b04       0x3c zephyr/drivers/led_strip/libdrivers__led_strip.a(ws2812_rpi_pico_pio.c.obj)
 .text.ws2812_led_strip_init
                0x10005b40      0x1f4 zephyr/drivers/led_strip/libdrivers__led_strip.a(ws2812_rpi_pico_pio.c.obj)
 .text.reset_rpi_status
                0x10005d34       0x1c zephyr/drivers/reset/libdrivers__reset.a(reset_rpi_pico.c.obj)
 .text.reset_rpi_line_assert
                0x10005d50       0x10 zephyr/drivers/reset/libdrivers__reset.a(reset_rpi_pico.c.obj)
 .text.reset_rpi_line_deassert
                0x10005d60       0x1c zephyr/drivers/reset/libdrivers__reset.a(reset_rpi_pico.c.obj)
 .text.reset_rpi_line_toggle
                0x10005d7c       0x24 zephyr/drivers/reset/libdrivers__reset.a(reset_rpi_pico.c.obj)
 .text.sdhc_spi_rx
                0x10005da0       0x2c zephyr/drivers/sdhc/libdrivers__sdhc.a(sdhc_spi.c.obj)
 .text.sdhc_spi_reset
                0x10005dcc       0x10 zephyr/drivers/sdhc/libdrivers__sdhc.a(sdhc_spi.c.obj)
 .text.sdhc_spi_get_host_props
                0x10005ddc       0x34 zephyr/drivers/sdhc/libdrivers__sdhc.a(sdhc_spi.c.obj)
 .text.sdhc_spi_get_card_present
                0x10005e10       0x68 zephyr/drivers/sdhc/libdrivers__sdhc.a(sdhc_spi.c.obj)
 .text.gpio_pin_set_dt
                0x10005e78       0x64 zephyr/drivers/sdhc/libdrivers__sdhc.a(sdhc_spi.c.obj)
 .text.z_impl_gpio_pin_configure
                0x10005edc      0x168 zephyr/drivers/sdhc/libdrivers__sdhc.a(sdhc_spi.c.obj)
 .text.sdhc_skip.constprop.0
                0x10006044       0x38 zephyr/drivers/sdhc/libdrivers__sdhc.a(sdhc_spi.c.obj)
 .text.sdhc_spi_request
                0x1000607c      0x278 zephyr/drivers/sdhc/libdrivers__sdhc.a(sdhc_spi.c.obj)
 .text.sdhc_spi_set_io
                0x100062f4      0x120 zephyr/drivers/sdhc/libdrivers__sdhc.a(sdhc_spi.c.obj)
 .text.sdhc_spi_init
                0x10006414       0x90 zephyr/drivers/sdhc/libdrivers__sdhc.a(sdhc_spi.c.obj)
 .text.pl011_irq_tx_enable
                0x100064a4       0xb8 zephyr/drivers/serial/libdrivers__serial.a(uart_pl011.c.obj)
 .text.pl011_isr
                0x1000655c       0x98 zephyr/drivers/serial/libdrivers__serial.a(uart_pl011.c.obj)
                0x1000655c                pl011_isr
 .text.pl011_runtime_configure_internal
                0x100065f4      0x138 zephyr/drivers/serial/libdrivers__serial.a(uart_pl011.c.obj)
 .text.gpio_pin_configure_dt
                0x1000672c       0xf4 zephyr/drivers/spi/libdrivers__spi.a(spi_bitbang.c.obj)
 .text.gpio_pin_get
                0x10006820       0x5c zephyr/drivers/spi/libdrivers__spi.a(spi_bitbang.c.obj)
 .text.gpio_pin_set_dt.isra.0
                0x1000687c       0x64 zephyr/drivers/spi/libdrivers__spi.a(spi_bitbang.c.obj)
 .text.spi_bitbang_init
                0x100068e0      0x118 zephyr/drivers/spi/libdrivers__spi.a(spi_bitbang.c.obj)
                0x100068e0                spi_bitbang_init
 .text.spi_bitbang_transceive
                0x100069f8      0x3a4 zephyr/drivers/spi/libdrivers__spi.a(spi_bitbang.c.obj)
 .text.spi_pl022_configure
                0x10006d9c      0x104 zephyr/drivers/spi/libdrivers__spi.a(spi_pl022.c.obj)
 .text.gpio_pin_set_dt.isra.0
                0x10006ea0       0x64 zephyr/drivers/spi/libdrivers__spi.a(spi_pl022.c.obj)
 .text.spi_pl022_transceive
                0x10006f04      0x264 zephyr/drivers/spi/libdrivers__spi.a(spi_pl022.c.obj)
 .text.spi_pl022_init
                0x10007168      0x1f0 zephyr/drivers/spi/libdrivers__spi.a(spi_pl022.c.obj)
 .text.elapsed  0x10007358       0x44 zephyr/drivers/timer/libdrivers__timer.a(cortex_m_systick.c.obj)
 .text.sys_clock_driver_init
                0x1000739c       0x34 zephyr/drivers/timer/libdrivers__timer.a(cortex_m_systick.c.obj)
 .text.sys_clock_isr
                0x100073d0       0x68 zephyr/drivers/timer/libdrivers__timer.a(cortex_m_systick.c.obj)
                0x100073d0                sys_clock_isr
 .text.sys_clock_set_timeout
                0x10007438      0x160 zephyr/drivers/timer/libdrivers__timer.a(cortex_m_systick.c.obj)
                0x10007438                sys_clock_set_timeout
 .text.sys_clock_elapsed
                0x10007598       0xa4 zephyr/drivers/timer/libdrivers__timer.a(cortex_m_systick.c.obj)
                0x10007598                sys_clock_elapsed
 .text.sys_clock_cycle_get_32
                0x1000763c       0x94 zephyr/drivers/timer/libdrivers__timer.a(cortex_m_systick.c.obj)
                0x1000763c                sys_clock_cycle_get_32
 .text.index2value
                0x100076d0       0x58 modules/lua/libmodules__lua_zephyr.a(lapi.c.obj)
 .text.lua_version
                0x10007728        0xc modules/lua/libmodules__lua_zephyr.a(lapi.c.obj)
                0x10007728                lua_version
 .text.lua_absindex
                0x10007734       0x24 modules/lua/libmodules__lua_zephyr.a(lapi.c.obj)
                0x10007734                lua_absindex
 .text.lua_copy
                0x10007758       0x4c modules/lua/libmodules__lua_zephyr.a(lapi.c.obj)
                0x10007758                lua_copy
 .text.lua_typename
                0x100077a4       0x10 modules/lua/libmodules__lua_zephyr.a(lapi.c.obj)
                0x100077a4                lua_typename
 .text.lua_pushlstring
                0x100077b4       0x48 modules/lua/libmodules__lua_zephyr.a(lapi.c.obj)
                0x100077b4                lua_pushlstring
 .text.lua_pcallk
                0x100077fc       0xa4 modules/lua/libmodules__lua_zephyr.a(lapi.c.obj)
                0x100077fc                lua_pcallk
 .text.lua_load
                0x100078a0       0x74 modules/lua/libmodules__lua_zephyr.a(lapi.c.obj)
                0x100078a0                lua_load
 .text.lua_concat
                0x10007914       0x40 modules/lua/libmodules__lua_zephyr.a(lapi.c.obj)
                0x10007914                lua_concat
 .text.findfield
                0x10007954       0xa0 modules/lua/libmodules__lua_zephyr.a(lauxlib.c.obj)
 .text.luaL_where
                0x100079f4       0x44 modules/lua/libmodules__lua_zephyr.a(lauxlib.c.obj)
                0x100079f4                luaL_where
 .text.luaL_checkstack
                0x10007a38       0x34 modules/lua/libmodules__lua_zephyr.a(lauxlib.c.obj)
                0x10007a38                luaL_checkstack
 .text.pushglobalfuncname
                0x10007a6c       0xa4 modules/lua/libmodules__lua_zephyr.a(lauxlib.c.obj)
 .text.luaL_argerror
                0x10007b10       0xb0 modules/lua/libmodules__lua_zephyr.a(lauxlib.c.obj)
                0x10007b10                luaL_argerror
 .text.luaL_loadbufferx
                0x10007bc0       0x1c modules/lua/libmodules__lua_zephyr.a(lauxlib.c.obj)
                0x10007bc0                luaL_loadbufferx
 .text.luaL_typeerror
                0x10007bdc       0x68 modules/lua/libmodules__lua_zephyr.a(lauxlib.c.obj)
                0x10007bdc                luaL_typeerror
 .text.luaL_checkinteger
                0x10007c44       0x3c modules/lua/libmodules__lua_zephyr.a(lauxlib.c.obj)
                0x10007c44                luaL_checkinteger
 .text.luaL_setfuncs
                0x10007c80       0x70 modules/lua/libmodules__lua_zephyr.a(lauxlib.c.obj)
                0x10007c80                luaL_setfuncs
 .text.luaL_checkversion_
                0x10007cf0       0x6c modules/lua/libmodules__lua_zephyr.a(lauxlib.c.obj)
                0x10007cf0                luaL_checkversion_
 .text.savelineinfo
                0x10007d5c       0xa4 modules/lua/libmodules__lua_zephyr.a(lcode.c.obj)
 .text.addk     0x10007e00       0x8c modules/lua/libmodules__lua_zephyr.a(lcode.c.obj)
 .text.luaK_numberK
                0x10007e8c       0x80 modules/lua/libmodules__lua_zephyr.a(lcode.c.obj)
 .text.fixjump  0x10007f0c       0x34 modules/lua/libmodules__lua_zephyr.a(lcode.c.obj)
 .text.getjumpcontrol.isra.0
                0x10007f40       0x24 modules/lua/libmodules__lua_zephyr.a(lcode.c.obj)
 .text.luaK_code
                0x10007f64       0x4c modules/lua/libmodules__lua_zephyr.a(lcode.c.obj)
                0x10007f64                luaK_code
 .text.luaK_jump
                0x10007fb0        0xc modules/lua/libmodules__lua_zephyr.a(lcode.c.obj)
                0x10007fb0                luaK_jump
 .text.luaK_nil
                0x10007fbc       0x80 modules/lua/libmodules__lua_zephyr.a(lcode.c.obj)
                0x10007fbc                luaK_nil
 .text.luaK_ret
                0x1000803c       0x3c modules/lua/libmodules__lua_zephyr.a(lcode.c.obj)
                0x1000803c                luaK_ret
 .text.luaK_checkstack
                0x10008078       0x28 modules/lua/libmodules__lua_zephyr.a(lcode.c.obj)
                0x10008078                luaK_checkstack
 .text.luaK_setreturns
                0x100080a0       0x58 modules/lua/libmodules__lua_zephyr.a(lcode.c.obj)
                0x100080a0                luaK_setreturns
 .text.luaK_codecheckglobal
                0x100080f8       0x44 modules/lua/libmodules__lua_zephyr.a(lcode.c.obj)
                0x100080f8                luaK_codecheckglobal
 .text.luaK_prefix
                0x1000813c       0xfc modules/lua/libmodules__lua_zephyr.a(lcode.c.obj)
                0x1000813c                luaK_prefix
 .text.luaK_posfix
                0x10008238      0x370 modules/lua/libmodules__lua_zephyr.a(lcode.c.obj)
                0x10008238                luaK_posfix
 .text.kname.isra.0
                0x100085a8       0x34 modules/lua/libmodules__lua_zephyr.a(ldebug.c.obj)
 .text.upvalname.isra.0
                0x100085dc       0x1c modules/lua/libmodules__lua_zephyr.a(ldebug.c.obj)
 .text.basicgetobjname
                0x100085f8      0x13c modules/lua/libmodules__lua_zephyr.a(ldebug.c.obj)
 .text.isEnv    0x10008734       0x64 modules/lua/libmodules__lua_zephyr.a(ldebug.c.obj)
 .text.getobjname
                0x10008798       0xa4 modules/lua/libmodules__lua_zephyr.a(ldebug.c.obj)
 .text.funcnamefromcall
                0x1000883c      0x110 modules/lua/libmodules__lua_zephyr.a(ldebug.c.obj)
 .text.varinfo  0x1000894c       0x8c modules/lua/libmodules__lua_zephyr.a(ldebug.c.obj)
 .text.luaG_findlocal
                0x100089d8       0xb4 modules/lua/libmodules__lua_zephyr.a(ldebug.c.obj)
                0x100089d8                luaG_findlocal
 .text.lua_getinfo
                0x10008a8c      0x2a8 modules/lua/libmodules__lua_zephyr.a(ldebug.c.obj)
                0x10008a8c                lua_getinfo
 .text.luaG_addinfo
                0x10008d34       0x4c modules/lua/libmodules__lua_zephyr.a(ldebug.c.obj)
                0x10008d34                luaG_addinfo
 .text.luaG_errormsg
                0x10008d80       0x68 modules/lua/libmodules__lua_zephyr.a(ldebug.c.obj)
                0x10008d80                luaG_errormsg
 .text.luaG_typeerror
                0x10008de8       0x28 modules/lua/libmodules__lua_zephyr.a(ldebug.c.obj)
                0x10008de8                luaG_typeerror
 .text.luaG_concaterror
                0x10008e10       0x1c modules/lua/libmodules__lua_zephyr.a(ldebug.c.obj)
                0x10008e10                luaG_concaterror
 .text.luaG_forerror
                0x10008e2c       0x1c modules/lua/libmodules__lua_zephyr.a(ldebug.c.obj)
                0x10008e2c                luaG_forerror
 .text.luaG_tointerror
                0x10008e48       0x30 modules/lua/libmodules__lua_zephyr.a(ldebug.c.obj)
                0x10008e48                luaG_tointerror
 .text.luaG_ordererror
                0x10008e78       0x40 modules/lua/libmodules__lua_zephyr.a(ldebug.c.obj)
                0x10008e78                luaG_ordererror
 .text.luaG_errnnil
                0x10008eb8       0x2c modules/lua/libmodules__lua_zephyr.a(ldebug.c.obj)
                0x10008eb8                luaG_errnnil
 .text.luaG_callerror
                0x10008ee4       0x50 modules/lua/libmodules__lua_zephyr.a(ldebug.c.obj)
                0x10008ee4                luaG_callerror
 .text.tryfuncTM
                0x10008f34       0x5c modules/lua/libmodules__lua_zephyr.a(ldo.c.obj)
 .text.checkmode
                0x10008f90       0x2c modules/lua/libmodules__lua_zephyr.a(ldo.c.obj)
 .text.f_parser
                0x10008fbc       0x90 modules/lua/libmodules__lua_zephyr.a(ldo.c.obj)
 .text.luaD_errerr
                0x1000904c       0x2c modules/lua/libmodules__lua_zephyr.a(ldo.c.obj)
                0x1000904c                luaD_errerr
 .text.luaD_checkminstack
                0x10009078       0x24 modules/lua/libmodules__lua_zephyr.a(ldo.c.obj)
                0x10009078                luaD_checkminstack
 .text.luaD_growstack
                0x1000909c       0x74 modules/lua/libmodules__lua_zephyr.a(ldo.c.obj)
                0x1000909c                luaD_growstack
 .text.luaD_shrinkstack
                0x10009110       0x74 modules/lua/libmodules__lua_zephyr.a(ldo.c.obj)
                0x10009110                luaD_shrinkstack
 .text.luaD_closeprotected
                0x10009184       0x34 modules/lua/libmodules__lua_zephyr.a(ldo.c.obj)
                0x10009184                luaD_closeprotected
 .text.luaD_protectedparser
                0x100091b8       0x80 modules/lua/libmodules__lua_zephyr.a(ldo.c.obj)
                0x100091b8                luaD_protectedparser
 .text.luaF_newtbcupval
                0x10009238       0x74 modules/lua/libmodules__lua_zephyr.a(lfunc.c.obj)
                0x10009238                luaF_newtbcupval
 .text.sweepgen
                0x100092ac       0x94 modules/lua/libmodules__lua_zephyr.a(lgc.c.obj)
 .text.GCTM     0x10009340       0xdc modules/lua/libmodules__lua_zephyr.a(lgc.c.obj)
 .text.luaX_init
                0x1000941c       0x40 modules/lua/libmodules__lua_zephyr.a(llex.c.obj)
                0x1000941c                luaX_init
 .text.luaX_token2str
                0x1000945c       0x4c modules/lua/libmodules__lua_zephyr.a(llex.c.obj)
                0x1000945c                luaX_token2str
 .text.lexerror
                0x100094a8       0x58 modules/lua/libmodules__lua_zephyr.a(llex.c.obj)
 .text.save     0x10009500       0x44 modules/lua/libmodules__lua_zephyr.a(llex.c.obj)
 .text.inclinenumber
                0x10009544       0x68 modules/lua/libmodules__lua_zephyr.a(llex.c.obj)
 .text.gethexa  0x100095ac       0x4c modules/lua/libmodules__lua_zephyr.a(llex.c.obj)
 .text.read_numeral
                0x100095f8      0x104 modules/lua/libmodules__lua_zephyr.a(llex.c.obj)
 .text.read_long_string
                0x100096fc      0x104 modules/lua/libmodules__lua_zephyr.a(llex.c.obj)
 .text.llex     0x10009800      0x76c modules/lua/libmodules__lua_zephyr.a(llex.c.obj)
 .text.luaX_setinput
                0x10009f6c       0x6c modules/lua/libmodules__lua_zephyr.a(llex.c.obj)
                0x10009f6c                luaX_setinput
 .text.luaM_toobig
                0x10009fd8        0xc modules/lua/libmodules__lua_zephyr.a(lmem.c.obj)
                0x10009fd8                luaM_toobig
 .text.luaM_growaux_
                0x10009fe4       0x4c modules/lua/libmodules__lua_zephyr.a(lmem.c.obj)
                0x10009fe4                luaM_growaux_
 .text.numarith
                0x1000a030       0x68 modules/lua/libmodules__lua_zephyr.a(lobject.c.obj)
 .text.l_str2dloc
                0x1000a098       0x38 modules/lua/libmodules__lua_zephyr.a(lobject.c.obj)
 .text.pushbuff
                0x1000a0d0       0x60 modules/lua/libmodules__lua_zephyr.a(lobject.c.obj)
 .text.luaO_ceillog2
                0x1000a130       0x1c modules/lua/libmodules__lua_zephyr.a(lobject.c.obj)
                0x1000a130                luaO_ceillog2
 .text.luaO_codeparam
                0x1000a14c       0x3c modules/lua/libmodules__lua_zephyr.a(lobject.c.obj)
                0x1000a14c                luaO_codeparam
 .text.luaO_applyparam
                0x1000a188       0x4c modules/lua/libmodules__lua_zephyr.a(lobject.c.obj)
                0x1000a188                luaO_applyparam
 .text.luaO_hexavalue
                0x1000a1d4       0x1c modules/lua/libmodules__lua_zephyr.a(lobject.c.obj)
                0x1000a1d4                luaO_hexavalue
 .text.luaO_str2num
                0x1000a1f0      0x158 modules/lua/libmodules__lua_zephyr.a(lobject.c.obj)
                0x1000a1f0                luaO_str2num
 .text.luaO_tostringbuff
                0x1000a348       0xa0 modules/lua/libmodules__lua_zephyr.a(lobject.c.obj)
                0x1000a348                luaO_tostringbuff
 .text.luaO_pushvfstring
                0x1000a3e8      0x13c modules/lua/libmodules__lua_zephyr.a(lobject.c.obj)
                0x1000a3e8                luaO_pushvfstring
 .text.luaO_chunkid
                0x1000a524       0xdc modules/lua/libmodules__lua_zephyr.a(lobject.c.obj)
                0x1000a524                luaO_chunkid
 .text.luaP_isIT
                0x1000a600       0x30 modules/lua/libmodules__lua_zephyr.a(lopcodes.c.obj)
                0x1000a600                luaP_isIT
 .text.new_varkind
                0x1000a630       0x4c modules/lua/libmodules__lua_zephyr.a(lparser.c.obj)
 .text.newlabelentry
                0x1000a67c       0x64 modules/lua/libmodules__lua_zephyr.a(lparser.c.obj)
 .text.check_readonly
                0x1000a6e0       0x84 modules/lua/libmodules__lua_zephyr.a(lparser.c.obj)
 .text.error_expected
                0x1000a764       0x20 modules/lua/libmodules__lua_zephyr.a(lparser.c.obj)
 .text.check_match
                0x1000a784       0x58 modules/lua/libmodules__lua_zephyr.a(lparser.c.obj)
 .text.leaveblock
                0x1000a7dc      0x234 modules/lua/libmodules__lua_zephyr.a(lparser.c.obj)
 .text.getvarattribute
                0x1000aa10       0x60 modules/lua/libmodules__lua_zephyr.a(lparser.c.obj)
 .text.getglobalattribute
                0x1000aa70       0x20 modules/lua/libmodules__lua_zephyr.a(lparser.c.obj)
 .text.luaY_checklimit
                0x1000aa90       0x48 modules/lua/libmodules__lua_zephyr.a(lparser.c.obj)
                0x1000aa90                luaY_checklimit
 .text.allocupvalue
                0x1000aad8       0x6c modules/lua/libmodules__lua_zephyr.a(lparser.c.obj)
 .text.buildglobal
                0x1000ab44       0x74 modules/lua/libmodules__lua_zephyr.a(lparser.c.obj)
 .text.singlevar
                0x1000abb8       0x70 modules/lua/libmodules__lua_zephyr.a(lparser.c.obj)
 .text.adjustlocalvars
                0x1000ac28       0xd8 modules/lua/libmodules__lua_zephyr.a(lparser.c.obj)
 .text.statement
                0x1000ad00      0x71c modules/lua/libmodules__lua_zephyr.a(lparser.c.obj)
 .text.body     0x1000b41c      0x240 modules/lua/libmodules__lua_zephyr.a(lparser.c.obj)
 .text.subexpr  0x1000b65c      0x2dc modules/lua/libmodules__lua_zephyr.a(lparser.c.obj)
 .text.constructor
                0x1000b938      0x194 modules/lua/libmodules__lua_zephyr.a(lparser.c.obj)
 .text.funcargs
                0x1000bacc       0xe4 modules/lua/libmodules__lua_zephyr.a(lparser.c.obj)
 .text.suffixedexp
                0x1000bbb0       0xd8 modules/lua/libmodules__lua_zephyr.a(lparser.c.obj)
 .text.restassign
                0x1000bc88      0x128 modules/lua/libmodules__lua_zephyr.a(lparser.c.obj)
 .text.forbody  0x1000bdb0       0xf0 modules/lua/libmodules__lua_zephyr.a(lparser.c.obj)
 .text.luaE_checkcstack
                0x1000bea0       0x20 modules/lua/libmodules__lua_zephyr.a(lstate.c.obj)
                0x1000bea0                luaE_checkcstack
 .text.lua_newstate
                0x1000bec0      0x138 modules/lua/libmodules__lua_zephyr.a(lstate.c.obj)
                0x1000bec0                lua_newstate
 .text.luaE_warnerror
                0x1000bff8       0x70 modules/lua/libmodules__lua_zephyr.a(lstate.c.obj)
                0x1000bff8                luaE_warnerror
 .text.luaS_init
                0x1000c068       0x50 modules/lua/libmodules__lua_zephyr.a(lstring.c.obj)
                0x1000c068                luaS_init
 .text.luaS_newlstr
                0x1000c0b8       0x38 modules/lua/libmodules__lua_zephyr.a(lstring.c.obj)
                0x1000c0b8                luaS_newlstr
 .text.luaS_newudata
                0x1000c0f0       0x50 modules/lua/libmodules__lua_zephyr.a(lstring.c.obj)
                0x1000c0f0                luaS_newudata
 .text.luaS_newextlstr
                0x1000c140       0x64 modules/lua/libmodules__lua_zephyr.a(lstring.c.obj)
                0x1000c140                luaS_newextlstr
 .text.getintfromhash
                0x1000c1a4       0x28 modules/lua/libmodules__lua_zephyr.a(ltable.c.obj)
 .text.mainpositionTV
                0x1000c1cc      0x100 modules/lua/libmodules__lua_zephyr.a(ltable.c.obj)
 .text.getgeneric
                0x1000c2cc       0x94 modules/lua/libmodules__lua_zephyr.a(ltable.c.obj)
 .text.luaH_next
                0x1000c360       0xb4 modules/lua/libmodules__lua_zephyr.a(ltable.c.obj)
                0x1000c360                luaH_next
 .text.luaH_resize
                0x1000c414      0x260 modules/lua/libmodules__lua_zephyr.a(ltable.c.obj)
                0x1000c414                luaH_resize
 .text.luaH_new
                0x1000c674       0x20 modules/lua/libmodules__lua_zephyr.a(ltable.c.obj)
                0x1000c674                luaH_new
 .text.luaH_Hgetshortstr
                0x1000c694       0x30 modules/lua/libmodules__lua_zephyr.a(ltable.c.obj)
                0x1000c694                luaH_Hgetshortstr
 .text.luaH_get
                0x1000c6c4       0x78 modules/lua/libmodules__lua_zephyr.a(ltable.c.obj)
                0x1000c6c4                luaH_get
 .text.luaH_finishset
                0x1000c73c       0xf0 modules/lua/libmodules__lua_zephyr.a(ltable.c.obj)
                0x1000c73c                luaH_finishset
 .text.luaT_init
                0x1000c82c       0x38 modules/lua/libmodules__lua_zephyr.a(ltm.c.obj)
                0x1000c82c                luaT_init
 .text.luaT_objtypename
                0x1000c864       0x5c modules/lua/libmodules__lua_zephyr.a(ltm.c.obj)
                0x1000c864                luaT_objtypename
 .text.luaT_trybinTM
                0x1000c8c0       0x5c modules/lua/libmodules__lua_zephyr.a(ltm.c.obj)
                0x1000c8c0                luaT_trybinTM
 .text.luaT_adjustvarargs
                0x1000c91c      0x130 modules/lua/libmodules__lua_zephyr.a(ltm.c.obj)
                0x1000c91c                luaT_adjustvarargs
 .text.luaT_getvarargs
                0x1000ca4c       0xec modules/lua/libmodules__lua_zephyr.a(ltm.c.obj)
                0x1000ca4c                luaT_getvarargs
 .text.error    0x1000cb38       0x1c modules/lua/libmodules__lua_zephyr.a(lundump.c.obj)
 .text.numerror
                0x1000cb54       0x1c modules/lua/libmodules__lua_zephyr.a(lundump.c.obj)
 .text.loadByte
                0x1000cb70       0x38 modules/lua/libmodules__lua_zephyr.a(lundump.c.obj)
 .text.loadVarint
                0x1000cba8       0x3c modules/lua/libmodules__lua_zephyr.a(lundump.c.obj)
 .text.getaddr_
                0x1000cbe4       0x24 modules/lua/libmodules__lua_zephyr.a(lundump.c.obj)
 .text.loadBlock
                0x1000cc08       0x24 modules/lua/libmodules__lua_zephyr.a(lundump.c.obj)
 .text.loadString
                0x1000cc2c      0x120 modules/lua/libmodules__lua_zephyr.a(lundump.c.obj)
 .text.checknumsize.constprop.0
                0x1000cd4c       0x20 modules/lua/libmodules__lua_zephyr.a(lundump.c.obj)
 .text.loadFunction
                0x1000cd6c      0x3a4 modules/lua/libmodules__lua_zephyr.a(lundump.c.obj)
 .text.luaU_undump
                0x1000d110      0x1a0 modules/lua/libmodules__lua_zephyr.a(lundump.c.obj)
                0x1000d110                luaU_undump
 .text.luaV_flttointeger
                0x1000d2b0       0x54 modules/lua/libmodules__lua_zephyr.a(lvm.c.obj)
                0x1000d2b0                luaV_flttointeger
 .text.forprep  0x1000d304      0x17c modules/lua/libmodules__lua_zephyr.a(lvm.c.obj)
 .text.luaV_finishget
                0x1000d480       0xa8 modules/lua/libmodules__lua_zephyr.a(lvm.c.obj)
                0x1000d480                luaV_finishget
 .text.luaV_finishset
                0x1000d528      0x118 modules/lua/libmodules__lua_zephyr.a(lvm.c.obj)
                0x1000d528                luaV_finishset
 .text.luaV_equalobj
                0x1000d640      0x190 modules/lua/libmodules__lua_zephyr.a(lvm.c.obj)
                0x1000d640                luaV_equalobj
 .text.luaV_concat
                0x1000d7d0      0x154 modules/lua/libmodules__lua_zephyr.a(lvm.c.obj)
                0x1000d7d0                luaV_concat
 .text.luaV_objlen
                0x1000d924       0x88 modules/lua/libmodules__lua_zephyr.a(lvm.c.obj)
                0x1000d924                luaV_objlen
 .text.luaV_idiv
                0x1000d9ac       0x30 modules/lua/libmodules__lua_zephyr.a(lvm.c.obj)
                0x1000d9ac                luaV_idiv
 .text.luaV_mod
                0x1000d9dc       0x2c modules/lua/libmodules__lua_zephyr.a(lvm.c.obj)
                0x1000d9dc                luaV_mod
 .text.luaV_execute
                0x1000da08     0x27b0 modules/lua/libmodules__lua_zephyr.a(lvm.c.obj)
                0x1000da08                luaV_execute
 .text.luaopen_zephyr
                0x100101b8       0x30 modules/lua/libmodules__lua_zephyr.a(luaz_utils.c.obj)
                0x100101b8                luaopen_zephyr
 .text.luaz_require
                0x100101e8       0xe4 modules/lua/libmodules__lua_zephyr.a(luaz_utils.c.obj)
 .text.k_current_get
                0x100102cc       0x48 modules/lua/libmodules__lua_zephyr.a(luaz_utils.c.obj)
 .text.printk_wrapper
                0x10010314       0x38 modules/lua/libmodules__lua_zephyr.a(luaz_utils.c.obj)
 .text.log_inf_wrapper.part.0
                0x1001034c       0x50 modules/lua/libmodules__lua_zephyr.a(luaz_utils.c.obj)
 .text.log_inf_wrapper
                0x1001039c       0x28 modules/lua/libmodules__lua_zephyr.a(luaz_utils.c.obj)
 .text.k_msleep_wrapper
                0x100103c4       0x38 modules/lua/libmodules__lua_zephyr.a(luaz_utils.c.obj)
 .text.log_err_wrapper.part.0
                0x100103fc       0x50 modules/lua/libmodules__lua_zephyr.a(luaz_utils.c.obj)
 .text.log_err_wrapper
                0x1001044c       0x28 modules/lua/libmodules__lua_zephyr.a(luaz_utils.c.obj)
 .text.log_dbg_wrapper.part.0
                0x10010474       0x58 modules/lua/libmodules__lua_zephyr.a(luaz_utils.c.obj)
 .text.log_dbg_wrapper
                0x100104cc       0x28 modules/lua/libmodules__lua_zephyr.a(luaz_utils.c.obj)
 .text.log_wrn_wrapper.part.0
                0x100104f4       0x50 modules/lua/libmodules__lua_zephyr.a(luaz_utils.c.obj)
 .text.log_wrn_wrapper
                0x10010544       0x28 modules/lua/libmodules__lua_zephyr.a(luaz_utils.c.obj)
 .text.lua_zephyr_allocator
                0x1001056c       0x28 modules/lua/libmodules__lua_zephyr.a(luaz_utils.c.obj)
                0x1001056c                lua_zephyr_allocator
 .text.luaz_print_mem_usage
                0x10010594       0x88 modules/lua/libmodules__lua_zephyr.a(luaz_utils.c.obj)
                0x10010594                luaz_print_mem_usage
 .text.luaz_openlibs
                0x1001061c       0x5c modules/lua/libmodules__lua_zephyr.a(luaz_utils.c.obj)
                0x1001061c                luaz_openlibs
 .text.lua_zbus_init
                0x10010678       0x10 modules/lua/libmodules__lua_zephyr.a(luaz_zbus.c.obj)
 .text.zbus_chan_msg_size
                0x10010688       0x38 modules/lua/libmodules__lua_zephyr.a(luaz_zbus.c.obj)
 .text.find_max_msg_size
                0x100106c0       0x18 modules/lua/libmodules__lua_zephyr.a(luaz_zbus.c.obj)
 .text.clock_configure_internal
                0x100106d8       0x98 modules/hal_rpi_pico/libmodules__hal_rpi_pico.a(clocks.c.obj)
 .text.pll_init
                0x10010770       0xb4 modules/hal_rpi_pico/libmodules__hal_rpi_pico.a(pll.c.obj)
                0x10010770                pll_init
 .text.xosc_init
                0x10010824       0x28 modules/hal_rpi_pico/libmodules__hal_rpi_pico.a(xosc.c.obj)
                0x10010824                xosc_init
 .text._gpio_set_irq_enabled
                0x1001084c       0x30 modules/hal_rpi_pico/libmodules__hal_rpi_pico.a(gpio.c.obj)
 .text.gpio_set_function
                0x1001087c       0x38 modules/hal_rpi_pico/libmodules__hal_rpi_pico.a(gpio.c.obj)
                0x1001087c                gpio_set_function
 .text.gpio_set_pulls
                0x100108b4       0x24 modules/hal_rpi_pico/libmodules__hal_rpi_pico.a(gpio.c.obj)
                0x100108b4                gpio_set_pulls
 .text.gpio_set_input_hysteresis_enabled
                0x100108d8       0x1c modules/hal_rpi_pico/libmodules__hal_rpi_pico.a(gpio.c.obj)
                0x100108d8                gpio_set_input_hysteresis_enabled
 .text.gpio_set_slew_rate
                0x100108f4       0x1c modules/hal_rpi_pico/libmodules__hal_rpi_pico.a(gpio.c.obj)
                0x100108f4                gpio_set_slew_rate
 .text.gpio_set_drive_strength
                0x10010910       0x20 modules/hal_rpi_pico/libmodules__hal_rpi_pico.a(gpio.c.obj)
                0x10010910                gpio_set_drive_strength
 .text.gpio_set_irq_enabled
                0x10010930       0x20 modules/hal_rpi_pico/libmodules__hal_rpi_pico.a(gpio.c.obj)
                0x10010930                gpio_set_irq_enabled
 .text.gpio_set_input_enabled
                0x10010950       0x1c modules/hal_rpi_pico/libmodules__hal_rpi_pico.a(gpio.c.obj)
                0x10010950                gpio_set_input_enabled
 .text.pio_sm_set_config
                0x1001096c       0x78 modules/hal_rpi_pico/libmodules__hal_rpi_pico.a(pio.c.obj)
 .text.find_offset_for_program
                0x100109e4       0x60 modules/hal_rpi_pico/libmodules__hal_rpi_pico.a(pio.c.obj)
 .text.add_program_at_offset_check
                0x10010a44       0x54 modules/hal_rpi_pico/libmodules__hal_rpi_pico.a(pio.c.obj)
 .text.add_program_at_offset
                0x10010a98       0x74 modules/hal_rpi_pico/libmodules__hal_rpi_pico.a(pio.c.obj)
 .text.pio_claim_unused_sm
                0x10010b0c       0x34 modules/hal_rpi_pico/libmodules__hal_rpi_pico.a(pio.c.obj)
                0x10010b0c                pio_claim_unused_sm
 .text.hw_claim_lock
                0x10010b40       0x24 modules/hal_rpi_pico/libmodules__hal_rpi_pico.a(claim.c.obj)
                0x10010b40                hw_claim_lock
 .text.hw_claim_unlock
                0x10010b64       0x14 modules/hal_rpi_pico/libmodules__hal_rpi_pico.a(claim.c.obj)
                0x10010b64                hw_claim_unlock
 .text.runtime_init_per_core_enable_coprocessors
                0x10010b78       0x1c modules/hal_rpi_pico/libmodules__hal_rpi_pico.a(runtime_init.c.obj)
                0x10010b78                runtime_init_per_core_enable_coprocessors
 .text.do_device_init
                0x10010b94       0x60 zephyr/kernel/libkernel.a(device.c.obj)
                0x10010b94                do_device_init
 .text.k_sys_fatal_error_handler
                0x10010bf4       0x20 zephyr/kernel/libkernel.a(fatal.c.obj)
                0x10010bf4                k_sys_fatal_error_handler
 .text.z_fatal_error
                0x10010c14      0x11c zephyr/kernel/libkernel.a(fatal.c.obj)
                0x10010c14                z_fatal_error
 .text.z_sys_init_run_level
                0x10010d30       0x30 zephyr/kernel/libkernel.a(init.c.obj)
 .text.bg_thread_main
                0x10010d60      0x104 zephyr/kernel/libkernel.a(init.c.obj)
 .text.z_init_cpu
                0x10010e64       0x70 zephyr/kernel/libkernel.a(init.c.obj)
                0x10010e64                z_init_cpu
 .text.z_cstart
                0x10010ed4       0xf8 zephyr/kernel/libkernel.a(init.c.obj)
                0x10010ed4                z_cstart
 .text.statics_init
                0x10010fcc       0x50 zephyr/kernel/libkernel.a(kheap.c.obj)
 .text.k_heap_free
                0x1001101c       0xa8 zephyr/kernel/libkernel.a(kheap.c.obj)
                0x1001101c                k_heap_free
 .text.idle     0x100110c4       0x48 zephyr/kernel/libkernel.a(idle.c.obj)
                0x100110c4                idle
 .text.z_impl_k_mutex_lock
                0x1001110c      0x190 zephyr/kernel/libkernel.a(mutex.c.obj)
                0x1001110c                z_impl_k_mutex_lock
 .text.z_impl_k_mutex_unlock
                0x1001129c      0x1a4 zephyr/kernel/libkernel.a(mutex.c.obj)
                0x1001129c                z_impl_k_mutex_unlock
 .text.unpend_thread_no_timeout
                0x10011440       0x40 zephyr/kernel/libkernel.a(sem.c.obj)
 .text.z_impl_k_sem_give
                0x10011480       0xfc zephyr/kernel/libkernel.a(sem.c.obj)
                0x10011480                z_impl_k_sem_give
 .text.z_impl_k_sem_take
                0x1001157c       0xf4 zephyr/kernel/libkernel.a(sem.c.obj)
                0x1001157c                z_impl_k_sem_take
 .text.work_queue_main
                0x10011670      0x214 zephyr/kernel/libkernel.a(work.c.obj)
 .text.submit_to_queue_locked
                0x10011884       0xcc zephyr/kernel/libkernel.a(work.c.obj)
 .text.z_work_submit_to_queue
                0x10011950       0xd4 zephyr/kernel/libkernel.a(work.c.obj)
                0x10011950                z_work_submit_to_queue
 .text.k_work_submit
                0x10011a24        0xc zephyr/kernel/libkernel.a(work.c.obj)
                0x10011a24                k_work_submit
 .text.k_work_queue_start
                0x10011a30       0xe0 zephyr/kernel/libkernel.a(work.c.obj)
                0x10011a30                k_work_queue_start
 .text.z_impl_k_thread_name_set
                0x10011b10       0x20 zephyr/kernel/libkernel.a(thread.c.obj)
                0x10011b10                z_impl_k_thread_name_set
 .text.z_setup_new_thread
                0x10011b30       0xf8 zephyr/kernel/libkernel.a(thread.c.obj)
                0x10011b30                z_setup_new_thread
 .text.z_impl_k_thread_create
                0x10011c28       0x8c zephyr/kernel/libkernel.a(thread.c.obj)
                0x10011c28                z_impl_k_thread_create
 .text.z_dummy_thread_init
                0x10011cb4       0x20 zephyr/kernel/libkernel.a(thread.c.obj)
                0x10011cb4                z_dummy_thread_init
 .text.ready_thread
                0x10011cd4       0xd0 zephyr/kernel/libkernel.a(sched.c.obj)
 .text.unready_thread
                0x10011da4       0xbc zephyr/kernel/libkernel.a(sched.c.obj)
 .text.z_swap_irqlock
                0x10011e60       0x6c zephyr/kernel/libkernel.a(sched.c.obj)
 .text.reschedule
                0x10011ecc       0x8c zephyr/kernel/libkernel.a(sched.c.obj)
 .text.unpend_thread_no_timeout
                0x10011f58       0x38 zephyr/kernel/libkernel.a(sched.c.obj)
 .text.move_current_to_end_of_prio_q
                0x10011f90       0x6c zephyr/kernel/libkernel.a(sched.c.obj)
                0x10011f90                move_current_to_end_of_prio_q
 .text.z_ready_thread
                0x10011ffc       0x8c zephyr/kernel/libkernel.a(sched.c.obj)
                0x10011ffc                z_ready_thread
 .text.z_unpend_thread_no_timeout
                0x10012088       0x90 zephyr/kernel/libkernel.a(sched.c.obj)
                0x10012088                z_unpend_thread_no_timeout
 .text.z_thread_timeout
                0x10012118       0x90 zephyr/kernel/libkernel.a(sched.c.obj)
                0x10012118                z_thread_timeout
 .text.z_pend_curr
                0x100121a8      0x10c zephyr/kernel/libkernel.a(sched.c.obj)
                0x100121a8                z_pend_curr
 .text.z_unpend1_no_timeout
                0x100122b4       0x9c zephyr/kernel/libkernel.a(sched.c.obj)
                0x100122b4                z_unpend1_no_timeout
 .text.z_thread_prio_set
                0x10012350      0x1b4 zephyr/kernel/libkernel.a(sched.c.obj)
                0x10012350                z_thread_prio_set
 .text.z_reschedule_irqlock
                0x10012504       0x28 zephyr/kernel/libkernel.a(sched.c.obj)
                0x10012504                z_reschedule_irqlock
 .text.k_sched_lock
                0x1001252c       0xe4 zephyr/kernel/libkernel.a(sched.c.obj)
                0x1001252c                k_sched_lock
 .text.k_sched_unlock
                0x10012610       0xe4 zephyr/kernel/libkernel.a(sched.c.obj)
                0x10012610                k_sched_unlock
 .text.z_unpend_all
                0x100126f4       0x90 zephyr/kernel/libkernel.a(sched.c.obj)
                0x100126f4                z_unpend_all
 .text.z_sched_init
                0x10012784       0x10 zephyr/kernel/libkernel.a(sched.c.obj)
                0x10012784                z_sched_init
 .text.z_impl_k_yield
                0x10012794      0x11c zephyr/kernel/libkernel.a(sched.c.obj)
                0x10012794                z_impl_k_yield
 .text.z_tick_sleep
                0x100128b0      0x114 zephyr/kernel/libkernel.a(sched.c.obj)
 .text.z_impl_k_sleep
                0x100129c4       0x68 zephyr/kernel/libkernel.a(sched.c.obj)
                0x100129c4                z_impl_k_sleep
 .text.z_impl_k_wakeup
                0x10012a2c       0xb0 zephyr/kernel/libkernel.a(sched.c.obj)
                0x10012a2c                z_impl_k_wakeup
 .text.z_impl_k_sched_current_thread_query
                0x10012adc        0xc zephyr/kernel/libkernel.a(sched.c.obj)
                0x10012adc                z_impl_k_sched_current_thread_query
 .text.z_thread_abort
                0x10012ae8      0x268 zephyr/kernel/libkernel.a(sched.c.obj)
                0x10012ae8                z_thread_abort
 .text.z_sched_wake
                0x10012d50       0xbc zephyr/kernel/libkernel.a(sched.c.obj)
                0x10012d50                z_sched_wake
 .text.z_sched_wait
                0x10012e0c       0x24 zephyr/kernel/libkernel.a(sched.c.obj)
                0x10012e0c                z_sched_wait
 .text.z_time_slice_size
                0x10012e30       0x40 zephyr/kernel/libkernel.a(timeslicing.c.obj)
 .text.slice_timeout
                0x10012e70       0x5c zephyr/kernel/libkernel.a(timeslicing.c.obj)
 .text.z_reset_time_slice
                0x10012ecc       0x44 zephyr/kernel/libkernel.a(timeslicing.c.obj)
                0x10012ecc                z_reset_time_slice
 .text.z_time_slice
                0x10012f10       0xc8 zephyr/kernel/libkernel.a(timeslicing.c.obj)
                0x10012f10                z_time_slice
 .text.z_spin_lock_valid
                0x10012fd8       0x1c zephyr/kernel/libkernel.a(spinlock_validate.c.obj)
                0x10012fd8                z_spin_lock_valid
 .text.z_spin_unlock_valid
                0x10012ff4       0x2c zephyr/kernel/libkernel.a(spinlock_validate.c.obj)
                0x10012ff4                z_spin_unlock_valid
 .text.z_spin_lock_set_owner
                0x10013020       0x10 zephyr/kernel/libkernel.a(spinlock_validate.c.obj)
                0x10013020                z_spin_lock_set_owner
 .text.first    0x10013030       0x10 zephyr/kernel/libkernel.a(timeout.c.obj)
 .text.elapsed  0x10013040       0x14 zephyr/kernel/libkernel.a(timeout.c.obj)
 .text.remove_timeout
                0x10013054       0x38 zephyr/kernel/libkernel.a(timeout.c.obj)
 .text.z_add_timeout
                0x1001308c      0x1b8 zephyr/kernel/libkernel.a(timeout.c.obj)
                0x1001308c                z_add_timeout
 .text.z_abort_timeout
                0x10013244       0xd8 zephyr/kernel/libkernel.a(timeout.c.obj)
                0x10013244                z_abort_timeout
 .text.sys_clock_announce_locked
                0x1001331c      0x134 zephyr/kernel/libkernel.a(timeout.c.obj)
                0x1001331c                sys_clock_announce_locked
 .text.sys_clock_lock
                0x10013450       0x54 zephyr/kernel/libkernel.a(timeout.c.obj)
                0x10013450                sys_clock_lock
 .text.sys_clock_tick_get
                0x100134a4       0x9c zephyr/kernel/libkernel.a(timeout.c.obj)
                0x100134a4                sys_clock_tick_get
 .text.z_timer_expiration_handler
                0x10013540      0x1a0 zephyr/kernel/libkernel.a(timer.c.obj)
                0x10013540                z_timer_expiration_handler
 .text.z_impl_k_timer_start
                0x100136e0       0xdc zephyr/kernel/libkernel.a(timer.c.obj)
                0x100136e0                z_impl_k_timer_start
 .text.z_impl_k_timer_stop
                0x100137bc       0xe4 zephyr/kernel/libkernel.a(timer.c.obj)
                0x100137bc                z_impl_k_timer_stop
 .text.z_impl_k_timer_status_sync
                0x100138a0       0xfc zephyr/kernel/libkernel.a(timer.c.obj)
                0x100138a0                z_impl_k_timer_status_sync
 .text.z_alloc_helper
                0x1001399c       0xfc zephyr/kernel/libkernel.a(mempool.c.obj)
 .text.k_malloc
                0x10013a98       0x14 zephyr/kernel/libkernel.a(mempool.c.obj)
                0x10013a98                k_malloc
 .text.k_thread_system_pool_assign
                0x10013aac        0xc zephyr/kernel/libkernel.a(mempool.c.obj)
                0x10013aac                k_thread_system_pool_assign
 .text.k_sys_work_q_init
                0x10013ab8       0x2c zephyr/kernel/libkernel.a(system_work_q.c.obj)
 .text.localeconv
                0x10013ae4        0x8 /home/joaomatheusnd/zephyr-sdk-1.0.1/gnu/arm-zephyr-eabi/bin/../lib/gcc/arm-zephyr-eabi/14.3.0/../../../../arm-zephyr-eabi/lib/thumb/v8-m.main+fp/hard/space/libc.a(libc_locale_localeconv.c.o)
                0x10013ae4                localeconv
 .text.snprintf
                0x10013aec       0x54 /home/joaomatheusnd/zephyr-sdk-1.0.1/gnu/arm-zephyr-eabi/bin/../lib/gcc/arm-zephyr-eabi/14.3.0/../../../../arm-zephyr-eabi/lib/thumb/v8-m.main+fp/hard/space/libc.a(libc_tinystdio_snprintf.c.o)
                0x10013aec                snprintf
 .text.strtof   0x10013b40      0x314 /home/joaomatheusnd/zephyr-sdk-1.0.1/gnu/arm-zephyr-eabi/bin/../lib/gcc/arm-zephyr-eabi/14.3.0/../../../../arm-zephyr-eabi/lib/thumb/v8-m.main+fp/hard/space/libc.a(libc_tinystdio_strtof.c.o)
                0x10013b40                strtof
 .text.skip_to_arg
                0x10013e54      0x11c /home/joaomatheusnd/zephyr-sdk-1.0.1/gnu/arm-zephyr-eabi/bin/../lib/gcc/arm-zephyr-eabi/14.3.0/../../../../arm-zephyr-eabi/lib/thumb/v8-m.main+fp/hard/space/libc.a(libc_tinystdio_vfprintf.c.o)
 .text.vfprintf
                0x10013f70      0x948 /home/joaomatheusnd/zephyr-sdk-1.0.1/gnu/arm-zephyr-eabi/bin/../lib/gcc/arm-zephyr-eabi/14.3.0/../../../../arm-zephyr-eabi/lib/thumb/v8-m.main+fp/hard/space/libc.a(libc_tinystdio_vfprintf.c.o)
                0x10013f70                __d_vfprintf
 .text.vprintf  0x100148b8       0x10 /home/joaomatheusnd/zephyr-sdk-1.0.1/gnu/arm-zephyr-eabi/bin/../lib/gcc/arm-zephyr-eabi/14.3.0/../../../../arm-zephyr-eabi/lib/thumb/v8-m.main+fp/hard/space/libc.a(libc_tinystdio_vprintf.c.o)
                0x100148b8                vprintf
 .text.div10    0x100148c8       0x28 /home/joaomatheusnd/zephyr-sdk-1.0.1/gnu/arm-zephyr-eabi/bin/../lib/gcc/arm-zephyr-eabi/14.3.0/../../../../arm-zephyr-eabi/lib/thumb/v8-m.main+fp/hard/space/libc.a(libc_tinystdio_dtoa_ryu.c.o)
 .text.__dtoa_engine
                0x100148f0      0x480 /home/joaomatheusnd/zephyr-sdk-1.0.1/gnu/arm-zephyr-eabi/bin/../lib/gcc/arm-zephyr-eabi/14.3.0/../../../../arm-zephyr-eabi/lib/thumb/v8-m.main+fp/hard/space/libc.a(libc_tinystdio_dtoa_ryu.c.o)
                0x100148f0                __dtoa_engine
 .text.__log10Pow2
                0x10014d70        0xc /home/joaomatheusnd/zephyr-sdk-1.0.1/gnu/arm-zephyr-eabi/bin/../lib/gcc/arm-zephyr-eabi/14.3.0/../../../../arm-zephyr-eabi/lib/thumb/v8-m.main+fp/hard/space/libc.a(libc_tinystdio_ryu_log10.c.o)
                0x10014d70                __log10Pow2
 .text.__log10Pow5
                0x10014d7c        0xc /home/joaomatheusnd/zephyr-sdk-1.0.1/gnu/arm-zephyr-eabi/bin/../lib/gcc/arm-zephyr-eabi/14.3.0/../../../../arm-zephyr-eabi/lib/thumb/v8-m.main+fp/hard/space/libc.a(libc_tinystdio_ryu_log10.c.o)
                0x10014d7c                __log10Pow5
 .text.__log2pow5
                0x10014d88        0xc /home/joaomatheusnd/zephyr-sdk-1.0.1/gnu/arm-zephyr-eabi/bin/../lib/gcc/arm-zephyr-eabi/14.3.0/../../../../arm-zephyr-eabi/lib/thumb/v8-m.main+fp/hard/space/libc.a(libc_tinystdio_ryu_log2pow5.c.o)
                0x10014d88                __log2pow5
 .text.__ceil_log2pow5
                0x10014d94       0x10 /home/joaomatheusnd/zephyr-sdk-1.0.1/gnu/arm-zephyr-eabi/bin/../lib/gcc/arm-zephyr-eabi/14.3.0/../../../../arm-zephyr-eabi/lib/thumb/v8-m.main+fp/hard/space/libc.a(libc_tinystdio_ryu_log2pow5.c.o)
                0x10014d94                __ceil_log2pow5
 .text.__pow5bits
                0x10014da4       0x10 /home/joaomatheusnd/zephyr-sdk-1.0.1/gnu/arm-zephyr-eabi/bin/../lib/gcc/arm-zephyr-eabi/14.3.0/../../../../arm-zephyr-eabi/lib/thumb/v8-m.main+fp/hard/space/libc.a(libc_tinystdio_ryu_pow5bits.c.o)
                0x10014da4                __pow5bits
 .text.__pow5Factor
                0x10014db4       0x30 /home/joaomatheusnd/zephyr-sdk-1.0.1/gnu/arm-zephyr-eabi/bin/../lib/gcc/arm-zephyr-eabi/14.3.0/../../../../arm-zephyr-eabi/lib/thumb/v8-m.main+fp/hard/space/libc.a(libc_tinystdio_ryu_table.c.o)
                0x10014db4                __pow5Factor
 .text.__double_computePow5
                0x10014de4       0xe4 /home/joaomatheusnd/zephyr-sdk-1.0.1/gnu/arm-zephyr-eabi/bin/../lib/gcc/arm-zephyr-eabi/14.3.0/../../../../arm-zephyr-eabi/lib/thumb/v8-m.main+fp/hard/space/libc.a(libc_tinystdio_ryu_table.c.o)
                0x10014de4                __double_computePow5
 .text.__double_computeInvPow5
                0x10014ec8       0xf8 /home/joaomatheusnd/zephyr-sdk-1.0.1/gnu/arm-zephyr-eabi/bin/../lib/gcc/arm-zephyr-eabi/14.3.0/../../../../arm-zephyr-eabi/lib/thumb/v8-m.main+fp/hard/space/libc.a(libc_tinystdio_ryu_table.c.o)
                0x10014ec8                __double_computeInvPow5
 .text.fmodf    0x10014fc0      0x148 /home/joaomatheusnd/zephyr-sdk-1.0.1/gnu/arm-zephyr-eabi/bin/../lib/gcc/arm-zephyr-eabi/14.3.0/../../../../arm-zephyr-eabi/lib/thumb/v8-m.main+fp/hard/space/libc.a(libm_math_sf_fmod.c.o)
                0x10014fc0                fmodf
 .text.frexpf   0x10015108       0x58 /home/joaomatheusnd/zephyr-sdk-1.0.1/gnu/arm-zephyr-eabi/bin/../lib/gcc/arm-zephyr-eabi/14.3.0/../../../../arm-zephyr-eabi/lib/thumb/v8-m.main+fp/hard/space/libc.a(libm_math_sf_frexp.c.o)
                0x10015108                frexpf
 .text.scalbnf  0x10015160       0x8c /home/joaomatheusnd/zephyr-sdk-1.0.1/gnu/arm-zephyr-eabi/bin/../lib/gcc/arm-zephyr-eabi/14.3.0/../../../../arm-zephyr-eabi/lib/thumb/v8-m.main+fp/hard/space/libc.a(libm_common_sf_scalbn.c.o)
                0x10015160                ldexpf
                0x10015160                scalbnf
 .text.__fpclassifyf
                0x100151ec       0x38 /home/joaomatheusnd/zephyr-sdk-1.0.1/gnu/arm-zephyr-eabi/bin/../lib/gcc/arm-zephyr-eabi/14.3.0/../../../../arm-zephyr-eabi/lib/thumb/v8-m.main+fp/hard/space/libc.a(libm_common_sf_fpclassify.c.o)
                0x100151ec                __fpclassifyf
 .text.__math_uflowf
                0x10015224       0x1c /home/joaomatheusnd/zephyr-sdk-1.0.1/gnu/arm-zephyr-eabi/bin/../lib/gcc/arm-zephyr-eabi/14.3.0/../../../../arm-zephyr-eabi/lib/thumb/v8-m.main+fp/hard/space/libc.a(libm_common_math_errf_uflowf.c.o)
                0x10015224                __math_uflowf
 .text.__math_oflowf
                0x10015240       0x1c /home/joaomatheusnd/zephyr-sdk-1.0.1/gnu/arm-zephyr-eabi/bin/../lib/gcc/arm-zephyr-eabi/14.3.0/../../../../arm-zephyr-eabi/lib/thumb/v8-m.main+fp/hard/space/libc.a(libm_common_math_errf_oflowf.c.o)
                0x10015240                __math_oflowf
 .text.__math_divzerof
                0x1001525c       0x1c /home/joaomatheusnd/zephyr-sdk-1.0.1/gnu/arm-zephyr-eabi/bin/../lib/gcc/arm-zephyr-eabi/14.3.0/../../../../arm-zephyr-eabi/lib/thumb/v8-m.main+fp/hard/space/libc.a(libm_common_math_errf_divzerof.c.o)
                0x1001525c                __math_divzerof
 .text.__math_invalidf
                0x10015278       0x28 /home/joaomatheusnd/zephyr-sdk-1.0.1/gnu/arm-zephyr-eabi/bin/../lib/gcc/arm-zephyr-eabi/14.3.0/../../../../arm-zephyr-eabi/lib/thumb/v8-m.main+fp/hard/space/libc.a(libm_common_math_errf_invalidf.c.o)
                0x10015278                __math_invalidf
 .text._OffsetAbsSyms
                0x100152a0        0x2 zephyr/CMakeFiles/offsets.dir/./arch/arm/core/offsets/offsets.c.obj
                0x100152a0                _OffsetAbsSyms
 .text.l_uart_write
                0x100152a2       0x20 app/libapp.a(lua_zbook_uart.c.obj)
 .text.l_uart_init
                0x100152c2       0x14 app/libapp.a(lua_zbook_uart.c.obj)
 .text.chunk_field
                0x100152d6       0x16 zephyr/libzephyr.a(heap.c.obj)
 .text.chunk_set
                0x100152ec       0x16 zephyr/libzephyr.a(heap.c.obj)
 .text.chunk_size
                0x10015302        0xc zephyr/libzephyr.a(heap.c.obj)
 .text.set_chunk_used
                0x1001530e       0x30 zephyr/libzephyr.a(heap.c.obj)
 .text.set_chunk_size
                0x1001533e        0x8 zephyr/libzephyr.a(heap.c.obj)
 .text.left_chunk
                0x10015346        0xe zephyr/libzephyr.a(heap.c.obj)
 .text.right_chunk
                0x10015354        0xc zephyr/libzephyr.a(heap.c.obj)
 .text.undersized_chunk
                0x10015360       0x1c zephyr/libzephyr.a(heap.c.obj)
 .text.chunk_usable_bytes
                0x1001537c       0x1a zephyr/libzephyr.a(heap.c.obj)
 .text.mem_to_chunkid
                0x10015396       0x14 zephyr/libzephyr.a(heap.c.obj)
 .text.bucket_idx
                0x100153aa       0x14 zephyr/libzephyr.a(heap.c.obj)
 .text.merge_chunks
                0x100153be       0x3c zephyr/libzephyr.a(heap.c.obj)
 .text.split_chunks
                0x100153fa       0x4e zephyr/libzephyr.a(heap.c.obj)
 .text.free_list_remove
                0x10015448       0x2c zephyr/libzephyr.a(heap.c.obj)
 .text.alloc_chunk
                0x10015474       0x7c zephyr/libzephyr.a(heap.c.obj)
 .text.sys_heap_usable_size
                0x100154f0       0x28 zephyr/libzephyr.a(heap.c.obj)
                0x100154f0                sys_heap_usable_size
 .text.sys_heap_alloc
                0x10015518       0x8e zephyr/libzephyr.a(heap.c.obj)
                0x10015518                sys_heap_alloc
 .text.sys_heap_noalign_alloc
                0x100155a6        0x6 zephyr/libzephyr.a(heap.c.obj)
                0x100155a6                sys_heap_noalign_alloc
 .text.sys_heap_realloc
                0x100155ac       0x5c zephyr/libzephyr.a(heap.c.obj)
                0x100155ac                sys_heap_realloc
 .text.sys_heap_runtime_stats_get
                0x10015608       0x22 zephyr/libzephyr.a(heap_stats.c.obj)
                0x10015608                sys_heap_runtime_stats_get
 .text.cbpprintf_external
                0x1001562a       0x62 zephyr/libzephyr.a(cbprintf_packaged.c.obj)
                0x1001562a                cbpprintf_external
 .text.is_ptr   0x1001568c       0x3a zephyr/libzephyr.a(cbprintf_packaged.c.obj)
                0x1001568c                is_ptr
 .text.arch_printk_char_out
                0x100156c6        0x4 zephyr/libzephyr.a(printk.c.obj)
                0x100156c6                arch_printk_char_out
 .text.vprintk  0x100156ca        0x4 zephyr/libzephyr.a(printk.c.obj)
                0x100156ca                vprintk
 .text.printk   0x100156ce       0x1a zephyr/libzephyr.a(printk.c.obj)
                0x100156ce                printk
 .text.assert_post_action
                0x100156e8       0x12 zephyr/libzephyr.a(assert.c.obj)
                0x100156e8                assert_post_action
 .text.assert_print
                0x100156fa       0x1a zephyr/libzephyr.a(assert.c.obj)
                0x100156fa                assert_print
 .text.free_space
                0x10015714       0x26 zephyr/libzephyr.a(mpsc_pbuf.c.obj)
 .text.get_usage
                0x1001573a       0x22 zephyr/libzephyr.a(mpsc_pbuf.c.obj)
 .text.idx_inc  0x1001575c       0x1c zephyr/libzephyr.a(mpsc_pbuf.c.obj)
 .text.rd_idx_inc
                0x10015778       0x18 zephyr/libzephyr.a(mpsc_pbuf.c.obj)
 .text.add_skip_item
                0x10015790       0x3e zephyr/libzephyr.a(mpsc_pbuf.c.obj)
 .text.drop_item_locked
                0x100157ce       0xf8 zephyr/libzephyr.a(mpsc_pbuf.c.obj)
 .text.post_drop_action
                0x100158c6       0x36 zephyr/libzephyr.a(mpsc_pbuf.c.obj)
 .text.max_utilization_update
                0x100158fc       0x1a zephyr/libzephyr.a(mpsc_pbuf.c.obj)
 .text._ConfigAbsSyms
                0x10015916        0x2 zephyr/libzephyr.a(configs.c.obj)
                0x10015916                _ConfigAbsSyms
 .text.panic    0x10015918       0x16 zephyr/libzephyr.a(soc.c.obj)
                0x10015918                panic
 .text.log_msg_generic_get_wlen
                0x1001592e       0x20 zephyr/libzephyr.a(log_core.c.obj)
 .text.dummy_timestamp
                0x1001594e        0x4 zephyr/libzephyr.a(log_core.c.obj)
 .text.atomic_inc
                0x10015952       0x12 zephyr/libzephyr.a(log_core.c.obj)
 .text.default_lf_get_timestamp
                0x10015964       0x10 zephyr/libzephyr.a(log_core.c.obj)
 .text.z_log_vprintk
                0x10015974       0x1c zephyr/libzephyr.a(log_core.c.obj)
                0x10015974                z_log_vprintk
 .text.z_log_notify_drop
                0x10015990        0x6 zephyr/libzephyr.a(log_core.c.obj)
 .text.z_log_get_tag
                0x10015996        0x4 zephyr/libzephyr.a(log_core.c.obj)
                0x10015996                z_log_get_tag
 .text.log_backend_enable
                0x1001599a       0x12 zephyr/libzephyr.a(log_mgmt.c.obj)
                0x1001599a                log_backend_enable
 .text.z_cbprintf_cpy
                0x100159ac       0x2e zephyr/libzephyr.a(log_msg.c.obj)
 .text.z_log_msg_finalize
                0x100159da       0x32 zephyr/libzephyr.a(log_msg.c.obj)
                0x100159da                z_log_msg_finalize
 .text.z_log_msg_simple_create
                0x10015a0c       0x6e zephyr/libzephyr.a(log_msg.c.obj)
 .text.z_impl_z_log_msg_simple_create_0
                0x10015a7a       0x12 zephyr/libzephyr.a(log_msg.c.obj)
                0x10015a7a                z_impl_z_log_msg_simple_create_0
 .text.z_impl_z_log_msg_simple_create_1
                0x10015a8c       0x14 zephyr/libzephyr.a(log_msg.c.obj)
                0x10015a8c                z_impl_z_log_msg_simple_create_1
 .text.z_impl_z_log_msg_simple_create_2
                0x10015aa0       0x18 zephyr/libzephyr.a(log_msg.c.obj)
                0x10015aa0                z_impl_z_log_msg_simple_create_2
 .text.log_output_write
                0x10015ab8       0x1c zephyr/libzephyr.a(log_output.c.obj)
 .text.log_output_flush
                0x10015ad4       0x1a zephyr/libzephyr.a(log_output.c.obj)
 .text.cr_out_func
                0x10015aee       0x1c zephyr/libzephyr.a(log_output.c.obj)
 .text.log_output_msg_process
                0x10015b0a       0x6c zephyr/libzephyr.a(log_output.c.obj)
                0x10015b0a                log_output_msg_process
 .text.format_set
                0x10015b76        0xc zephyr/libzephyr.a(log_backend_uart.c.obj)
 .text.panic    0x10015b82       0x32 zephyr/libzephyr.a(log_backend_uart.c.obj)
 .text.dropped  0x10015bb4        0xa zephyr/libzephyr.a(log_backend_uart.c.obj)
 .text.process  0x10015bbe       0x1e zephyr/libzephyr.a(log_backend_uart.c.obj)
 .text.char_out
                0x10015bdc       0x16 zephyr/libzephyr.a(log_backend_semihost.c.obj)
 .text.arch_early_memset
                0x10015bf2        0x4 zephyr/arch/common/libarch__common.a(init.c.obj)
                0x10015bf2                arch_early_memset
 .text.arch_early_memcpy
                0x10015bf6        0x4 zephyr/arch/common/libarch__common.a(init.c.obj)
                0x10015bf6                arch_early_memcpy
 .text.semihost_write
                0x10015bfa       0x16 zephyr/arch/common/libarch__common.a(semihost.c.obj)
                0x10015bfa                semihost_write
 .text.z_do_kernel_oops
                0x10015c10        0x8 zephyr/arch/arch/arm/core/libarch__arm__core.a(fatal.c.obj)
                0x10015c10                z_do_kernel_oops
 .text.z_arm_nmi
                0x10015c18        0xe zephyr/arch/arch/arm/core/libarch__arm__core.a(nmi.c.obj)
                0x10015c18                z_arm_nmi
 .text.z_log_msg_simple_create_0.constprop.0
                0x10015c26        0x8 zephyr/arch/arch/arm/core/cortex_m/libarch__arm__core__cortex_m.a(fault.c.obj)
 .text.z_irq_spurious
                0x10015c2e        0x8 zephyr/arch/arch/arm/core/cortex_m/libarch__arm__core__cortex_m.a(irq_manage.c.obj)
                0x10015c2e                z_irq_spurious
 .text.arch_coprocessors_disable
                0x10015c36        0x4 zephyr/arch/arch/arm/core/cortex_m/libarch__arm__core__cortex_m.a(thread.c.obj)
                0x10015c36                arch_coprocessors_disable
 .text.arch_irq_unlock_outlined
                0x10015c3a        0xe zephyr/arch/arch/arm/core/cortex_m/libarch__arm__core__cortex_m.a(thread.c.obj)
                0x10015c3a                arch_irq_unlock_outlined
 .text.arch_cpu_idle
                0x10015c48       0x1a zephyr/arch/arch/arm/core/cortex_m/libarch__arm__core__cortex_m.a(cpu_idle.c.obj)
                0x10015c48                arch_cpu_idle
 .text.semihost_exec
                0x10015c62        0x4 zephyr/arch/arch/arm/core/cortex_m/libarch__arm__core__cortex_m.a(semihost.c.obj)
                0x10015c62                semihost_exec
 .text.cbputc   0x10015c66        0xc zephyr/lib/libc/picolibc/liblib__libc__picolibc.a(cbprintf.c.obj)
 .text.picolibc_put
                0x10015c72        0xa zephyr/lib/libc/picolibc/liblib__libc__picolibc.a(stdio.c.obj)
 .text.soc_reset_hook
                0x10015c7c        0x4 zephyr/soc/soc/rp2350b/rp2350/libsoc__raspberrypi__rpi_pico__rp2350.a(soc.c.obj)
                0x10015c7c                soc_reset_hook
 .text.sdhc_set_io
                0x10015c80        0xe zephyr/subsys/sd/libsubsys__sd.a(sd.c.obj)
 .text.k_mutex_unlock
                0x10015c8e        0x4 zephyr/subsys/sd/libsubsys__sd.a(sd.c.obj)
 .text.sdhc_request.constprop.0
                0x10015c92       0x10 zephyr/subsys/sd/libsubsys__sd.a(sd.c.obj)
 .text.sd_send_interface_condition.part.0
                0x10015ca2       0x5c zephyr/subsys/sd/libsubsys__sd.a(sd.c.obj)
 .text.sd_idle.isra.0
                0x10015cfe       0x20 zephyr/subsys/sd/libsubsys__sd.a(sd.c.obj)
 .text.k_msleep.isra.0
                0x10015d1e        0xe zephyr/subsys/sd/libsubsys__sd.a(sd.c.obj)
 .text.sd_is_card_present
                0x10015d2c       0x1a zephyr/subsys/sd/libsubsys__sd.a(sd.c.obj)
                0x10015d2c                sd_is_card_present
 .text.sdhc_request
                0x10015d46        0xe zephyr/subsys/sd/libsubsys__sd.a(sd_ops.c.obj)
 .text.sdhc_set_io
                0x10015d54        0xe zephyr/subsys/sd/libsubsys__sd.a(sd_ops.c.obj)
 .text.sdhc_card_busy
                0x10015d62        0xe zephyr/subsys/sd/libsubsys__sd.a(sd_ops.c.obj)
 .text.z_log_msg_simple_create_0
                0x10015d70        0x4 zephyr/subsys/sd/libsubsys__sd.a(sd_ops.c.obj)
 .text.sdmmc_spi_read_cxd.isra.0
                0x10015d74       0x52 zephyr/subsys/sd/libsubsys__sd.a(sd_ops.c.obj)
 .text.k_mutex_unlock.isra.0
                0x10015dc6        0x4 zephyr/subsys/sd/libsubsys__sd.a(sd_ops.c.obj)
 .text.sdmmc_read_status
                0x10015dca       0x74 zephyr/subsys/sd/libsubsys__sd.a(sd_ops.c.obj)
                0x10015dca                sdmmc_read_status
 .text.sdmmc_read_csd
                0x10015e3e       0x70 zephyr/subsys/sd/libsubsys__sd.a(sd_ops.c.obj)
                0x10015e3e                sdmmc_read_csd
 .text.card_read_cid
                0x10015eae       0x1a zephyr/subsys/sd/libsubsys__sd.a(sd_ops.c.obj)
                0x10015eae                card_read_cid
 .text.sdhc_request
                0x10015ec8        0xe zephyr/subsys/sd/libsubsys__sd.a(sdmmc.c.obj)
 .text.sdhc_set_io
                0x10015ed6        0xe zephyr/subsys/sd/libsubsys__sd.a(sdmmc.c.obj)
 .text.sdmmc_spi_send_ocr
                0x10015ee4       0x32 zephyr/subsys/sd/libsubsys__sd.a(sdmmc.c.obj)
 .text.z_log_msg_simple_create_0
                0x10015f16        0x4 zephyr/subsys/sd/libsubsys__sd.a(sdmmc.c.obj)
 .text.sdmmc_ioctl
                0x10015f1a        0x4 zephyr/subsys/sd/libsubsys__sd.a(sdmmc.c.obj)
                0x10015f1a                sdmmc_ioctl
 .text.sdmmc_read_blocks
                0x10015f1e        0x4 zephyr/subsys/sd/libsubsys__sd.a(sdmmc.c.obj)
                0x10015f1e                sdmmc_read_blocks
 .text.sdmmc_write_blocks
                0x10015f22        0x4 zephyr/subsys/sd/libsubsys__sd.a(sdmmc.c.obj)
                0x10015f22                sdmmc_write_blocks
 .text.sdmmc_erase_blocks
                0x10015f26        0x4 zephyr/subsys/sd/libsubsys__sd.a(sdmmc.c.obj)
                0x10015f26                sdmmc_erase_blocks
 .text.crc16_itu_t
                0x10015f2a       0x28 zephyr/subsys/crc/libsubsys__crc.a(crc16_sw.c.obj)
                0x10015f2a                crc16_itu_t
 .text.crc7_be  0x10015f52       0x22 zephyr/subsys/crc/libsubsys__crc.a(crc7_sw.c.obj)
                0x10015f52                crc7_be
 .text.disk_sdmmc_access_erase
                0x10015f74        0x8 zephyr/drivers/disk/libdrivers__disk.a(sdmmc_subsys.c.obj)
 .text.disk_sdmmc_access_write
                0x10015f7c        0x8 zephyr/drivers/disk/libdrivers__disk.a(sdmmc_subsys.c.obj)
 .text.disk_sdmmc_access_read
                0x10015f84        0x8 zephyr/drivers/disk/libdrivers__disk.a(sdmmc_subsys.c.obj)
 .text.disk_sdmmc_access_status
                0x10015f8c       0x20 zephyr/drivers/disk/libdrivers__disk.a(sdmmc_subsys.c.obj)
 .text.disk_sdmmc_access_init
                0x10015fac       0x2a zephyr/drivers/disk/libdrivers__disk.a(sdmmc_subsys.c.obj)
 .text.disk_sdmmc_access_ioctl
                0x10015fd6       0x26 zephyr/drivers/disk/libdrivers__disk.a(sdmmc_subsys.c.obj)
 .text.pio_rpi_pico_init
                0x10015ffc       0x32 zephyr/drivers/misc/pio_rpi_pico/libdrivers__misc__pio_rpi_pico.a(pio_rpi_pico.c.obj)
 .text.adc_rpi_configure_func_0
                0x1001602e       0x16 zephyr/drivers/adc/libdrivers__adc.a(adc_rpi_pico.c.obj)
 .text.adc_context_on_timer_expired
                0x10016044       0x2a zephyr/drivers/adc/libdrivers__adc.a(adc_rpi_pico.c.obj)
 .text.clock_control_rpi_pico_on
                0x1001606e       0x3c zephyr/drivers/clock_control/libdrivers__clock_control.a(clock_control_rpi_pico.c.obj)
 .text.clock_control_rpi_pico_off
                0x100160aa       0x3c zephyr/drivers/clock_control/libdrivers__clock_control.a(clock_control_rpi_pico.c.obj)
 .text.rpi_pico_is_clock_enabled.isra.0
                0x100160e6       0x50 zephyr/drivers/clock_control/libdrivers__clock_control.a(clock_control_rpi_pico.c.obj)
 .text.clock_control_rpi_pico_get_status
                0x10016136       0x18 zephyr/drivers/clock_control/libdrivers__clock_control.a(clock_control_rpi_pico.c.obj)
 .text.clock_control_rpi_pico_get_rate
                0x1001614e       0x20 zephyr/drivers/clock_control/libdrivers__clock_control.a(clock_control_rpi_pico.c.obj)
 .text.rpi_pico_clkid_tuple_reorder_by_dependencies
                0x1001616e       0x4c zephyr/drivers/clock_control/libdrivers__clock_control.a(clock_control_rpi_pico.c.obj)
                0x1001616e                rpi_pico_clkid_tuple_reorder_by_dependencies
 .text.gpio_rpi_port_get_raw
                0x100161ba       0x16 zephyr/drivers/gpio/libdrivers__gpio.a(gpio_rpi_pico.c.obj)
 .text.gpio_rpi_port_toggle_bits
                0x100161d0       0x26 zephyr/drivers/gpio/libdrivers__gpio.a(gpio_rpi_pico.c.obj)
 .text.gpio_rpi_bank_init
                0x100161f6        0xe zephyr/drivers/gpio/libdrivers__gpio.a(gpio_rpi_pico.c.obj)
 .text.gpio_rpi_pin_interrupt_configure
                0x10016204       0x4e zephyr/drivers/gpio/libdrivers__gpio.a(gpio_rpi_pico.c.obj)
 .text.bank_0_config_func
                0x10016252       0x16 zephyr/drivers/gpio/libdrivers__gpio.a(gpio_rpi_pico.c.obj)
 .text.gpio_rpi_port_set_bits_raw
                0x10016268       0x42 zephyr/drivers/gpio/libdrivers__gpio.a(gpio_rpi_pico.c.obj)
 .text.gpio_set_dir_masked_n
                0x100162aa       0x1e zephyr/drivers/gpio/libdrivers__gpio.a(gpio_rpi_pico.c.obj)
 .text.gpio_rpi_port_set_masked_raw